📂 Importing eggs from: ./test-configs
📤 Output directory: ./converted_eggs
🔍 Found 282 egg files

Converting voice_servers/teaspeak/egg-tea-speak.json... [2m2025-12-04T22:33:26.953708Z[0m [32m INFO[0m Converting egg: TeaSpeak
[2m2025-12-04T22:33:26.953747Z[0m [32m INFO[0m Scanning egg for security issues
✅ -> egg-tea-speak.yaml
Converting voice_servers/ts3_manager/egg-t-s3-manager.json... [2m2025-12-04T22:33:26.955956Z[0m [32m INFO[0m Converting egg: TS3 Manager
[2m2025-12-04T22:33:26.955994Z[0m [32m INFO[0m Scanning egg for security issues
✅ -> egg-t-s3-manager.yaml
Converting voice_servers/teamspeak_ARM64/egg-teamspeak3-arm64-server.json... [2m2025-12-04T22:33:26.957137Z[0m [32m INFO[0m Converting egg: Teamspeak3 Server ARM64
[2m2025-12-04T22:33:26.957165Z[0m [32m INFO[0m Scanning egg for security issues
✅ -> egg-teamspeak3-arm64-server.yaml
Converting voice_servers/lavalink/egg-lavalink.json... [2m2025-12-04T22:33:26.958394Z[0m [32m INFO[0m Converting egg: Lavalink
[2m2025-12-04T22:33:26.958427Z[0m [32m INFO[0m Scanning egg for security issues
✅ -> egg-lavalink.yaml
Converting database/nosql/mongodb/egg-mongo-d-b7.json... [2m2025-12-04T22:33:26.959762Z[0m [32m INFO[0m Converting egg: MongoDB 7
[2m2025-12-04T22:33:26.959793Z[0m [32m INFO[0m Scanning egg for security issues
[2m2025-12-04T22:33:26.960134Z[0m [33m WARN[0m Complex startup command detected, wrapping in shell
✅ -> egg-mongo-d-b7.yaml
Converting database/nosql/mongodb/egg-mongo-d-b.json... [2m2025-12-04T22:33:26.960996Z[0m [32m INFO[0m Converting egg: MongoDB
[2m2025-12-04T22:33:26.961023Z[0m [32m INFO[0m Scanning egg for security issues
[2m2025-12-04T22:33:26.961373Z[0m [33m WARN[0m Complex startup command detected, wrapping in shell
✅ -> egg-mongo-d-b.yaml
Converting database/nosql/mongodb/egg-mongo-d-b6.json... [2m2025-12-04T22:33:26.962229Z[0m [32m INFO[0m Converting egg: MongoDB 6
[2m2025-12-04T22:33:26.962256Z[0m [32m INFO[0m Scanning egg for security issues
[2m2025-12-04T22:33:26.962587Z[0m [33m WARN[0m Complex startup command detected, wrapping in shell
✅ -> egg-mongo-d-b6.yaml
Converting database/nosql/rethinkdb/egg-rethinkdb.json... [2m2025-12-04T22:33:26.963508Z[0m [32m INFO[0m Converting egg: rethinkdb
[2m2025-12-04T22:33:26.963542Z[0m [32m INFO[0m Scanning egg for security issues
✅ -> egg-rethinkdb.yaml
Converting database/redis/redis-7/egg-redis-7.json... [2m2025-12-04T22:33:26.964723Z[0m [32m INFO[0m Converting egg: Redis-7
[2m2025-12-04T22:33:26.964742Z[0m [32m INFO[0m Scanning egg for security issues
[2m2025-12-04T22:33:26.965097Z[0m [33m WARN[0m Complex startup command detected, wrapping in shell
✅ -> egg-redis-7.yaml
Converting database/redis/redis-5/egg-redis-5.json... [2m2025-12-04T22:33:26.965914Z[0m [32m INFO[0m Converting egg: Redis
[2m2025-12-04T22:33:26.965935Z[0m [32m INFO[0m Scanning egg for security issues
[2m2025-12-04T22:33:26.966232Z[0m [33m WARN[0m Complex startup command detected, wrapping in shell
✅ -> egg-redis-5.yaml
Converting database/redis/redis-6/egg-redis-6.json... [2m2025-12-04T22:33:26.967121Z[0m [32m INFO[0m Converting egg: Redis-6
[2m2025-12-04T22:33:26.967147Z[0m [32m INFO[0m Scanning egg for security issues
[2m2025-12-04T22:33:26.967499Z[0m [33m WARN[0m Complex startup command detected, wrapping in shell
✅ -> egg-redis-6.yaml
Converting database/sql/mariadb/egg-maria-d-b10-3.json... [2m2025-12-04T22:33:26.968429Z[0m [32m INFO[0m Converting egg: MariaDB 10.3
[2m2025-12-04T22:33:26.968446Z[0m [32m INFO[0m Scanning egg for security issues
[2m2025-12-04T22:33:26.968791Z[0m [33m WARN[0m Complex startup command detected, wrapping in shell
✅ -> egg-maria-d-b10-3.yaml
Converting database/sql/postgres/egg-postgres16.json... [2m2025-12-04T22:33:26.969652Z[0m [32m INFO[0m Converting egg: Postgres 16
[2m2025-12-04T22:33:26.969669Z[0m [32m INFO[0m Scanning egg for security issues
✅ -> egg-postgres16.yaml
Converting database/sql/postgres/egg-postgres14.json... [2m2025-12-04T22:33:26.970801Z[0m [32m INFO[0m Converting egg: Postgres 14
[2m2025-12-04T22:33:26.970814Z[0m [32m INFO[0m Scanning egg for security issues
✅ -> egg-postgres14.yaml
Converting software/yarr/egg-yarr.json... [2m2025-12-04T22:33:26.971884Z[0m [32m INFO[0m Converting egg: Yarr
[2m2025-12-04T22:33:26.971913Z[0m [32m INFO[0m Scanning egg for security issues
✅ -> egg-yarr.yaml
Converting software/grafana/egg-grafana.json... [2m2025-12-04T22:33:26.973175Z[0m [32m INFO[0m Converting egg: Grafana
[2m2025-12-04T22:33:26.973198Z[0m [32m INFO[0m Scanning egg for security issues
✅ -> egg-grafana.yaml
Converting software/foldingathome/egg-folding--home.json... [2m2025-12-04T22:33:26.974318Z[0m [32m INFO[0m Converting egg: Folding@Home
[2m2025-12-04T22:33:26.974343Z[0m [32m INFO[0m Scanning egg for security issues
[2m2025-12-04T22:33:26.974460Z[0m [33m WARN[0m Security issue in installation script: Dangerous: recursive root deletion
[2m2025-12-04T22:33:26.974700Z[0m [33m WARN[0m Complex startup command detected, wrapping in shell
✅ -> egg-folding--home.yaml
Converting software/languagetool/egg-languagetool.json... [2m2025-12-04T22:33:26.975685Z[0m [32m INFO[0m Converting egg: LanguageTool
[2m2025-12-04T22:33:26.975703Z[0m [32m INFO[0m Scanning egg for security issues
✅ -> egg-languagetool.yaml
Converting software/code-server/egg-code--server.json... [2m2025-12-04T22:33:26.976948Z[0m [32m INFO[0m Converting egg: Code-Server
[2m2025-12-04T22:33:26.976980Z[0m [32m INFO[0m Scanning egg for security issues
[2m2025-12-04T22:33:26.977124Z[0m [33m WARN[0m Security issue in installation script: Warning: overly permissive permissions
✅ -> egg-code--server.yaml
Converting software/forgejo/egg-forgejo.json... [2m2025-12-04T22:33:26.978058Z[0m [32m INFO[0m Converting egg: Forgejo
[2m2025-12-04T22:33:26.978084Z[0m [32m INFO[0m Scanning egg for security issues
✅ -> egg-forgejo.yaml
Converting software/5e-tools/egg-5e-tools.json... [2m2025-12-04T22:33:26.979174Z[0m [32m INFO[0m Converting egg: 5e Tools
[2m2025-12-04T22:33:26.979206Z[0m [32m INFO[0m Scanning egg for security issues
[2m2025-12-04T22:33:26.979512Z[0m [33m WARN[0m Complex startup command detected, wrapping in shell
✅ -> egg-5e-tools.yaml
Converting software/meilisearch/egg-meilisearch.json... [2m2025-12-04T22:33:26.980300Z[0m [32m INFO[0m Converting egg: Meilisearch
[2m2025-12-04T22:33:26.980333Z[0m [32m INFO[0m Scanning egg for security issues
[2m2025-12-04T22:33:26.980634Z[0m [33m WARN[0m Complex startup command detected, wrapping in shell
✅ -> egg-meilisearch.yaml
Converting software/uptime-kuma/egg-uptime-kuma.json... [2m2025-12-04T22:33:26.981599Z[0m [32m INFO[0m Converting egg: Uptime Kuma
[2m2025-12-04T22:33:26.981622Z[0m [32m INFO[0m Scanning egg for security issues
[2m2025-12-04T22:33:26.981927Z[0m [33m WARN[0m Complex startup command detected, wrapping in shell
✅ -> egg-uptime-kuma.yaml
Converting software/elasticsearch/egg-elasticsearch.json... [2m2025-12-04T22:33:26.982846Z[0m [32m INFO[0m Converting egg: Elasticsearch
[2m2025-12-04T22:33:26.982869Z[0m [32m INFO[0m Scanning egg for security issues
✅ -> egg-elasticsearch.yaml
Converting software/gitea/egg-gitea.json... [2m2025-12-04T22:33:26.983992Z[0m [32m INFO[0m Converting egg: Gitea
[2m2025-12-04T22:33:26.984020Z[0m [32m INFO[0m Scanning egg for security issues
✅ -> egg-gitea.yaml
Converting software/owncast/egg-owncast-online.json... [2m2025-12-04T22:33:26.985139Z[0m [32m INFO[0m Converting egg: owncast.online
[2m2025-12-04T22:33:26.985163Z[0m [32m INFO[0m Scanning egg for security issues
✅ -> egg-owncast-online.yaml
Converting software/reposilite/egg-reposilite.json... [2m2025-12-04T22:33:26.986256Z[0m [32m INFO[0m Converting egg: Reposilite
[2m2025-12-04T22:33:26.986278Z[0m [32m INFO[0m Scanning egg for security issues
✅ -> egg-reposilite.yaml
Converting software/haste-server/egg-haste-server.json... [2m2025-12-04T22:33:26.987378Z[0m [32m INFO[0m Converting egg: haste-server
[2m2025-12-04T22:33:26.987397Z[0m [32m INFO[0m Scanning egg for security issues
✅ -> egg-haste-server.yaml
Converting software/rathole/egg-rathole.json... [2m2025-12-04T22:33:26.988536Z[0m [32m INFO[0m Converting egg: Rathole
[2m2025-12-04T22:33:26.988569Z[0m [32m INFO[0m Scanning egg for security issues
✅ -> egg-rathole.yaml
Converting software/rabbitmq/egg-rabbit-m-q.json... [2m2025-12-04T22:33:26.989687Z[0m [32m INFO[0m Converting egg: RabbitMQ
[2m2025-12-04T22:33:26.989719Z[0m [32m INFO[0m Scanning egg for security issues
✅ -> egg-rabbit-m-q.yaml
Converting storage/sftp_storage_share/egg-sftp-storage-share.json... [2m2025-12-04T22:33:26.990866Z[0m [32m INFO[0m Converting egg: SFTP Storage Share
[2m2025-12-04T22:33:26.990884Z[0m [32m INFO[0m Scanning egg for security issues
[2m2025-12-04T22:33:26.991226Z[0m [33m WARN[0m Complex startup command detected, wrapping in shell
✅ -> egg-sftp-storage-share.yaml
Converting storage/minio/egg-minio-s3.json... ❌ duplicate field `done` at line 3 column 10
Converting game_eggs/classicube/mcgalaxy/egg-classi-cube--m-g-c.json... [2m2025-12-04T22:33:26.992309Z[0m [32m INFO[0m Converting egg: ClassiCube(MGC)
[2m2025-12-04T22:33:26.992330Z[0m [32m INFO[0m Scanning egg for security issues
✅ -> egg-classi-cube--m-g-c.yaml
Converting game_eggs/gta/gtac/egg-grand-theft-auto-connected.json... [2m2025-12-04T22:33:26.993445Z[0m [32m INFO[0m Converting egg: Grand Theft Auto Connected
[2m2025-12-04T22:33:26.993476Z[0m [32m INFO[0m Scanning egg for security issues
✅ -> egg-grand-theft-auto-connected.yaml
Converting game_eggs/gta/ragecoop/egg-rage-c-o-o-p.json... [2m2025-12-04T22:33:26.994640Z[0m [32m INFO[0m Converting egg: RageCOOP
[2m2025-12-04T22:33:26.994675Z[0m [32m INFO[0m Scanning egg for security issues
✅ -> egg-rage-c-o-o-p.yaml
Converting game_eggs/gta/mtasa/egg-multi-theft-auto.json... [2m2025-12-04T22:33:26.995931Z[0m [32m INFO[0m Converting egg: Multi Theft Auto
[2m2025-12-04T22:33:26.995959Z[0m [32m INFO[0m Scanning egg for security issues
✅ -> egg-multi-theft-auto.yaml
Converting game_eggs/gta/samp/egg-s-a--m-p.json... [2m2025-12-04T22:33:26.997227Z[0m [32m INFO[0m Converting egg: SA-MP
[2m2025-12-04T22:33:26.997261Z[0m [32m INFO[0m Scanning egg for security issues
✅ -> egg-s-a--m-p.yaml
Converting game_eggs/gta/openmp/egg-open-m-p.json... [2m2025-12-04T22:33:26.998368Z[0m [32m INFO[0m Converting egg: OpenMP
[2m2025-12-04T22:33:26.998398Z[0m [32m INFO[0m Scanning egg for security issues
✅ -> egg-open-m-p.yaml
Converting game_eggs/gta/openmp/config.json... ❌ missing field `meta` at line 93 column 1
Converting game_eggs/gta/ragemp/egg-rage--m-p.json... [2m2025-12-04T22:33:26.999756Z[0m [32m INFO[0m Converting egg: Rage.MP
[2m2025-12-04T22:33:26.999787Z[0m [32m INFO[0m Scanning egg for security issues
[2m2025-12-04T22:33:26.999906Z[0m [33m WARN[0m Security issue in installation script: Dangerous: recursive root deletion
✅ -> egg-rage--m-p.yaml
Converting game_eggs/gta/ragemp/conf.json... ❌ missing field `meta` at line 10 column 1
Converting game_eggs/gta/fivem/egg-five-m.json... [2m2025-12-04T22:33:27.002017Z[0m [32m INFO[0m Converting egg: FiveM
[2m2025-12-04T22:33:27.002065Z[0m [32m INFO[0m Scanning egg for security issues
[2m2025-12-04T22:33:27.002477Z[0m [33m WARN[0m Complex startup command detected, wrapping in shell
✅ -> egg-five-m.yaml
Converting game_eggs/gta/altv/egg-alt--v.json... [2m2025-12-04T22:33:27.003552Z[0m [32m INFO[0m Converting egg: alt:V
[2m2025-12-04T22:33:27.003589Z[0m [32m INFO[0m Scanning egg for security issues
✅ -> egg-alt--v.yaml
Converting game_eggs/mindustry/egg-mindustry.json... [2m2025-12-04T22:33:27.004983Z[0m [32m INFO[0m Converting egg: Mindustry
[2m2025-12-04T22:33:27.005011Z[0m [32m INFO[0m Scanning egg for security issues
✅ -> egg-mindustry.yaml
Converting game_eggs/tycoon_games/openrct2/egg-openrct2.json... ❌ missing field `exported_at` at line 221 column 1
Converting game_eggs/tycoon_games/openttd/egg-open-t-t-d-server.json... ❌ invalid type: integer `0`, expected a string at line 7 column 37
Converting game_eggs/veloren/egg-veloren.json... [2m2025-12-04T22:33:27.006928Z[0m [32m INFO[0m Converting egg: Veloren
[2m2025-12-04T22:33:27.006959Z[0m [32m INFO[0m Scanning egg for security issues
✅ -> egg-veloren.yaml
Converting game_eggs/enemy_territory/etlegacy/egg-e-t-legacy.json... [2m2025-12-04T22:33:27.008148Z[0m [32m INFO[0m Converting egg: ET Legacy
[2m2025-12-04T22:33:27.008170Z[0m [32m INFO[0m Scanning egg for security issues
[2m2025-12-04T22:33:27.008488Z[0m [33m WARN[0m Complex startup command detected, wrapping in shell
✅ -> egg-e-t-legacy.yaml
Converting game_eggs/steamcmd_servers/fof/egg-fof.json... [2m2025-12-04T22:33:27.009429Z[0m [32m INFO[0m Converting egg: Fof
[2m2025-12-04T22:33:27.009451Z[0m [32m INFO[0m Scanning egg for security issues
✅ -> egg-fof.yaml
Converting game_eggs/steamcmd_servers/left4dead_2/egg-left4dead_2.json... [2m2025-12-04T22:33:27.021818Z[0m [32m INFO[0m Converting egg: Left 4 Dead 2
[2m2025-12-04T22:33:27.021846Z[0m [32m INFO[0m Scanning egg for security issues
✅ -> egg-left4dead_2.yaml
Converting game_eggs/steamcmd_servers/necesse/egg-necesse.json... [2m2025-12-04T22:33:27.023415Z[0m [32m INFO[0m Converting egg: Necesse
[2m2025-12-04T22:33:27.023443Z[0m [32m INFO[0m Scanning egg for security issues
✅ -> egg-necesse.yaml
Converting game_eggs/steamcmd_servers/vein/egg-v-e-i-n.json... [2m2025-12-04T22:33:27.024827Z[0m [32m INFO[0m Converting egg: VEIN
[2m2025-12-04T22:33:27.024853Z[0m [32m INFO[0m Scanning egg for security issues
✅ -> egg-v-e-i-n.yaml
Converting game_eggs/steamcmd_servers/hurtworld/egg-hurtworld.json... [2m2025-12-04T22:33:27.026415Z[0m [32m INFO[0m Converting egg: Hurtworld
[2m2025-12-04T22:33:27.026440Z[0m [32m INFO[0m Scanning egg for security issues
[2m2025-12-04T22:33:27.026770Z[0m [33m WARN[0m Complex startup command detected, wrapping in shell
✅ -> egg-hurtworld.yaml
Converting game_eggs/steamcmd_servers/modiverse/egg-modiverse.json... [2m2025-12-04T22:33:27.027779Z[0m [32m INFO[0m Converting egg: Modiverse
[2m2025-12-04T22:33:27.027807Z[0m [32m INFO[0m Scanning egg for security issues
✅ -> egg-modiverse.yaml
Converting game_eggs/steamcmd_servers/modiverse/ServerConfiguration.json... ❌ missing field `meta` at line 11 column 1
Converting game_eggs/steamcmd_servers/open_fortress/egg-open-fortress.json... [2m2025-12-04T22:33:27.029370Z[0m [32m INFO[0m Converting egg: Open Fortress
[2m2025-12-04T22:33:27.029393Z[0m [32m INFO[0m Scanning egg for security issues
[2m2025-12-04T22:33:27.029517Z[0m [33m WARN[0m Security issue in installation script: Dangerous: recursive root deletion
✅ -> egg-open-fortress.yaml
Converting game_eggs/steamcmd_servers/colony_survival/egg-colony-survival.json... [2m2025-12-04T22:33:27.038224Z[0m [32m INFO[0m Converting egg: Colony Survival
[2m2025-12-04T22:33:27.038258Z[0m [32m INFO[0m Scanning egg for security issues
✅ -> egg-colony-survival.yaml
Converting game_eggs/steamcmd_servers/pavlov_vr/egg-pavlov-v-r.json... [2m2025-12-04T22:33:27.039522Z[0m [32m INFO[0m Converting egg: Pavlov VR
[2m2025-12-04T22:33:27.039546Z[0m [32m INFO[0m Scanning egg for security issues
✅ -> egg-pavlov-v-r.yaml
Converting game_eggs/steamcmd_servers/empyrion/egg-empyrion--galactic-survival.json... [2m2025-12-04T22:33:27.040826Z[0m [32m INFO[0m Converting egg: Empyrion: Galactic Survival
[2m2025-12-04T22:33:27.040851Z[0m [32m INFO[0m Scanning egg for security issues
[2m2025-12-04T22:33:27.041174Z[0m [33m WARN[0m Complex startup command detected, wrapping in shell
✅ -> egg-empyrion--galactic-survival.yaml
Converting game_eggs/steamcmd_servers/astro_colony/egg-astro-colony-wine.json... [2m2025-12-04T22:33:27.042318Z[0m [32m INFO[0m Converting egg: Astro Colony [wine]
[2m2025-12-04T22:33:27.042349Z[0m [32m INFO[0m Scanning egg for security issues
✅ -> egg-astro-colony-wine.yaml
Converting game_eggs/steamcmd_servers/astro_colony/egg-astro-colony.json... [2m2025-12-04T22:33:27.043800Z[0m [32m INFO[0m Converting egg: Astro Colony
[2m2025-12-04T22:33:27.043825Z[0m [32m INFO[0m Scanning egg for security issues
✅ -> egg-astro-colony.yaml
Converting game_eggs/steamcmd_servers/cryofall/egg-cryo-fall.json... [2m2025-12-04T22:33:27.045223Z[0m [32m INFO[0m Converting egg: CryoFall
[2m2025-12-04T22:33:27.045250Z[0m [32m INFO[0m Scanning egg for security issues
✅ -> egg-cryo-fall.yaml
Converting game_eggs/steamcmd_servers/black_mesa/egg-black-mesa.json... [2m2025-12-04T22:33:27.046537Z[0m [32m INFO[0m Converting egg: Black Mesa
[2m2025-12-04T22:33:27.046561Z[0m [32m INFO[0m Scanning egg for security issues
✅ -> egg-black-mesa.yaml
Converting game_eggs/steamcmd_servers/team_fortress_2_classic/egg-team-fortress-2-classic.json... [2m2025-12-04T22:33:27.055738Z[0m [32m INFO[0m Converting egg: Team Fortress 2 Classic
[2m2025-12-04T22:33:27.055761Z[0m [32m INFO[0m Scanning egg for security issues
✅ -> egg-team-fortress-2-classic.yaml
Converting game_eggs/steamcmd_servers/post_scriptum/egg-post-scriptum.json... [2m2025-12-04T22:33:27.064869Z[0m [32m INFO[0m Converting egg: Post Scriptum
[2m2025-12-04T22:33:27.064899Z[0m [32m INFO[0m Scanning egg for security issues
✅ -> egg-post-scriptum.yaml
Converting game_eggs/steamcmd_servers/mordhau/egg-mordhau.json... [2m2025-12-04T22:33:27.066211Z[0m [32m INFO[0m Converting egg: Mordhau
[2m2025-12-04T22:33:27.066243Z[0m [32m INFO[0m Scanning egg for security issues
✅ -> egg-mordhau.yaml
Converting game_eggs/steamcmd_servers/mordhau/egg-mordhau-wine.json... [2m2025-12-04T22:33:27.067564Z[0m [32m INFO[0m Converting egg: Mordhau Wine
[2m2025-12-04T22:33:27.067588Z[0m [32m INFO[0m Scanning egg for security issues
✅ -> egg-mordhau-wine.yaml
Converting game_eggs/steamcmd_servers/terratech_worlds/egg-terra-tech-worlds.json... [2m2025-12-04T22:33:27.068873Z[0m [32m INFO[0m Converting egg: TerraTech Worlds
[2m2025-12-04T22:33:27.068903Z[0m [32m INFO[0m Scanning egg for security issues
[2m2025-12-04T22:33:27.069282Z[0m [33m WARN[0m Complex startup command detected, wrapping in shell
✅ -> egg-terra-tech-worlds.yaml
Converting game_eggs/steamcmd_servers/left4dead/egg-left4dead.json... [2m2025-12-04T22:33:27.070302Z[0m [32m INFO[0m Converting egg: Left 4 Dead
[2m2025-12-04T22:33:27.070327Z[0m [32m INFO[0m Scanning egg for security issues
✅ -> egg-left4dead.yaml
Converting game_eggs/steamcmd_servers/thefront/egg-the-front.json... [2m2025-12-04T22:33:27.071555Z[0m [32m INFO[0m Converting egg: The Front
[2m2025-12-04T22:33:27.071585Z[0m [32m INFO[0m Scanning egg for security issues
✅ -> egg-the-front.yaml
Converting game_eggs/steamcmd_servers/solace_crafting/egg-solace-crafting.json... [2m2025-12-04T22:33:27.072999Z[0m [32m INFO[0m Converting egg: Solace Crafting
[2m2025-12-04T22:33:27.073027Z[0m [32m INFO[0m Scanning egg for security issues
✅ -> egg-solace-crafting.yaml
Converting game_eggs/steamcmd_servers/ark_survival_ascended/egg-ark--survival-ascended.json... [2m2025-12-04T22:33:27.074237Z[0m [32m INFO[0m Converting egg: ARK: Survival Ascended
[2m2025-12-04T22:33:27.074268Z[0m [32m INFO[0m Scanning egg for security issues
[2m2025-12-04T22:33:27.074392Z[0m [33m WARN[0m Security issue in installation script: Dangerous: recursive root deletion
[2m2025-12-04T22:33:27.074685Z[0m [33m WARN[0m Complex startup command detected, wrapping in shell
✅ -> egg-ark--survival-ascended.yaml
Converting game_eggs/steamcmd_servers/eco/egg-eco.json... [2m2025-12-04T22:33:27.075796Z[0m [32m INFO[0m Converting egg: Eco
[2m2025-12-04T22:33:27.075818Z[0m [32m INFO[0m Scanning egg for security issues
✅ -> egg-eco.yaml
Converting game_eggs/steamcmd_servers/palworld/egg-palworld-proton.json... [2m2025-12-04T22:33:27.077096Z[0m [32m INFO[0m Converting egg: Palworld Proton
[2m2025-12-04T22:33:27.077120Z[0m [32m INFO[0m Scanning egg for security issues
[2m2025-12-04T22:33:27.077427Z[0m [33m WARN[0m Complex startup command detected, wrapping in shell
✅ -> egg-palworld-proton.yaml
Converting game_eggs/steamcmd_servers/palworld/egg-palworld.json... [2m2025-12-04T22:33:27.078527Z[0m [32m INFO[0m Converting egg: Palworld
[2m2025-12-04T22:33:27.078550Z[0m [32m INFO[0m Scanning egg for security issues
[2m2025-12-04T22:33:27.078816Z[0m [33m WARN[0m Complex startup command detected, wrapping in shell
✅ -> egg-palworld.yaml
Converting game_eggs/steamcmd_servers/smalland_survive_the_wilds/egg-smalland--survive-the-wilds.json... [2m2025-12-04T22:33:27.079730Z[0m [32m INFO[0m Converting egg: Smalland: Survive the Wilds
[2m2025-12-04T22:33:27.079755Z[0m [32m INFO[0m Scanning egg for security issues
[2m2025-12-04T22:33:27.080098Z[0m [33m WARN[0m Complex startup command detected, wrapping in shell
✅ -> egg-smalland--survive-the-wilds.yaml
Converting game_eggs/steamcmd_servers/mount_blade_II_bannerlord/egg-mount--blade-i-i--bannerlord.json... [2m2025-12-04T22:33:27.081131Z[0m [32m INFO[0m Converting egg: Mount & Blade II: Bannerlord
[2m2025-12-04T22:33:27.081161Z[0m [32m INFO[0m Scanning egg for security issues
[2m2025-12-04T22:33:27.081526Z[0m [33m WARN[0m Complex startup command detected, wrapping in shell
✅ -> egg-mount--blade-i-i--bannerlord.yaml
Converting game_eggs/steamcmd_servers/space_engineers/default/egg-space-engineers.json... [2m2025-12-04T22:33:27.082484Z[0m [32m INFO[0m Converting egg: Space Engineers
[2m2025-12-04T22:33:27.082506Z[0m [32m INFO[0m Scanning egg for security issues
[2m2025-12-04T22:33:27.082812Z[0m [33m WARN[0m Complex startup command detected, wrapping in shell
✅ -> egg-space-engineers.yaml
Converting game_eggs/steamcmd_servers/space_engineers/torch/egg-space-engineers--torch-server.json... [2m2025-12-04T22:33:27.084009Z[0m [32m INFO[0m Converting egg: Space Engineers - Torch Server
[2m2025-12-04T22:33:27.084059Z[0m [32m INFO[0m Scanning egg for security issues
[2m2025-12-04T22:33:27.084396Z[0m [33m WARN[0m Complex startup command detected, wrapping in shell
✅ -> egg-space-engineers--torch-server.yaml
Converting game_eggs/steamcmd_servers/citadel/egg-citadel-forged-with-fire.json... [2m2025-12-04T22:33:27.085504Z[0m [32m INFO[0m Converting egg: Citadel: Forged with Fire
[2m2025-12-04T22:33:27.085521Z[0m [32m INFO[0m Scanning egg for security issues
✅ -> egg-citadel-forged-with-fire.yaml
Converting game_eggs/steamcmd_servers/onset/egg-onset.json... [2m2025-12-04T22:33:27.086732Z[0m [32m INFO[0m Converting egg: Onset
[2m2025-12-04T22:33:27.086763Z[0m [32m INFO[0m Scanning egg for security issues
✅ -> egg-onset.yaml
Converting game_eggs/steamcmd_servers/rust/rust_autowipe/egg-rust-autowipe.json... [2m2025-12-04T22:33:27.088013Z[0m [32m INFO[0m Converting egg: Rust Autowipe
[2m2025-12-04T22:33:27.088051Z[0m [32m INFO[0m Scanning egg for security issues
[2m2025-12-04T22:33:27.088394Z[0m [33m WARN[0m Complex startup command detected, wrapping in shell
✅ -> egg-rust-autowipe.yaml
Converting game_eggs/steamcmd_servers/rust/rust_staging/egg-rust-staging.json... [2m2025-12-04T22:33:27.089779Z[0m [32m INFO[0m Converting egg: Rust Staging
[2m2025-12-04T22:33:27.089800Z[0m [32m INFO[0m Scanning egg for security issues
✅ -> egg-rust-staging.yaml
Converting game_eggs/steamcmd_servers/counter_strike/counter_strike_source/egg-counter--strike--source.json... [2m2025-12-04T22:33:27.091483Z[0m [32m INFO[0m Converting egg: Counter-Strike: Source
[2m2025-12-04T22:33:27.091510Z[0m [32m INFO[0m Scanning egg for security issues
✅ -> egg-counter--strike--source.yaml
Converting game_eggs/steamcmd_servers/counter_strike/counter_strike_2/egg-counter--strike2.json... [2m2025-12-04T22:33:27.092695Z[0m [32m INFO[0m Converting egg: Counter-Strike 2
[2m2025-12-04T22:33:27.092719Z[0m [32m INFO[0m Scanning egg for security issues
[2m2025-12-04T22:33:27.093034Z[0m [33m WARN[0m Complex startup command detected, wrapping in shell
✅ -> egg-counter--strike2.yaml
Converting game_eggs/steamcmd_servers/quake_live/egg-quake-live.json... [2m2025-12-04T22:33:27.094070Z[0m [32m INFO[0m Converting egg: Quake Live
[2m2025-12-04T22:33:27.094104Z[0m [32m INFO[0m Scanning egg for security issues
✅ -> egg-quake-live.yaml
Converting game_eggs/steamcmd_servers/dayz-experimental/egg-dayz-experimental.json... [2m2025-12-04T22:33:27.095342Z[0m [32m INFO[0m Converting egg: DayZ (Experimental)
[2m2025-12-04T22:33:27.095368Z[0m [32m INFO[0m Scanning egg for security issues
✅ -> egg-dayz-experimental.yaml
Converting game_eggs/steamcmd_servers/craftopia/egg-craftopia.json... [2m2025-12-04T22:33:27.096745Z[0m [32m INFO[0m Converting egg: Craftopia
[2m2025-12-04T22:33:27.096776Z[0m [32m INFO[0m Scanning egg for security issues
✅ -> egg-craftopia.yaml
Converting game_eggs/steamcmd_servers/satisfactory/egg-satisfactory.json... [2m2025-12-04T22:33:27.098087Z[0m [32m INFO[0m Converting egg: Satisfactory
[2m2025-12-04T22:33:27.098111Z[0m [32m INFO[0m Scanning egg for security issues
[2m2025-12-04T22:33:27.098429Z[0m [33m WARN[0m Complex startup command detected, wrapping in shell
✅ -> egg-satisfactory.yaml
Converting game_eggs/steamcmd_servers/holdfast/egg-holdfast-na-w.json... [2m2025-12-04T22:33:27.099469Z[0m [32m INFO[0m Converting egg: Holdfast NaW
[2m2025-12-04T22:33:27.099494Z[0m [32m INFO[0m Scanning egg for security issues
❌ Config validation failed: Holdfast NaW

❌ Validation Errors:
  • Variable 'PLAYERS': required but has no default value and is not user editable
  • Variable 'SERVER_COMM_PORT': required but has no default value and is not user editable
  • Variable 'SERVER_QUERY_PORT': required but has no default value and is not user editable
  • Variable 'FPSMAX': required but has no default value and is not user editable
  • Container image 'bmghosting/pterodactyl-holdfast' should include a tag (e.g., bmghosting/pterodactyl-holdfast:latest)

💡 Solution:
  Fix the above issues and re-run validation
Converting game_eggs/steamcmd_servers/svencoop/egg-sven-co-op.json... [2m2025-12-04T22:33:27.100467Z[0m [32m INFO[0m Converting egg: Sven Co-op
[2m2025-12-04T22:33:27.100497Z[0m [32m INFO[0m Scanning egg for security issues
✅ -> egg-sven-co-op.yaml
Converting game_eggs/steamcmd_servers/barotrauma/egg-barotrauma.json... [2m2025-12-04T22:33:27.101803Z[0m [32m INFO[0m Converting egg: Barotrauma
[2m2025-12-04T22:33:27.101826Z[0m [32m INFO[0m Scanning egg for security issues
[2m2025-12-04T22:33:27.102158Z[0m [33m WARN[0m Complex startup command detected, wrapping in shell
✅ -> egg-barotrauma.yaml
Converting game_eggs/steamcmd_servers/squad/egg-squad.json... [2m2025-12-04T22:33:27.102999Z[0m [32m INFO[0m Converting egg: Squad
[2m2025-12-04T22:33:27.103023Z[0m [32m INFO[0m Scanning egg for security issues
✅ -> egg-squad.yaml
Converting game_eggs/steamcmd_servers/conan_exiles/egg-conan-exiles.json... [2m2025-12-04T22:33:27.104374Z[0m [32m INFO[0m Converting egg: Conan Exiles
[2m2025-12-04T22:33:27.104390Z[0m [32m INFO[0m Scanning egg for security issues
✅ -> egg-conan-exiles.yaml
Converting game_eggs/steamcmd_servers/nmrih/egg-nmrih.json... [2m2025-12-04T22:33:27.105548Z[0m [32m INFO[0m Converting egg: nmrih
[2m2025-12-04T22:33:27.105571Z[0m [32m INFO[0m Scanning egg for security issues
✅ -> egg-nmrih.yaml
Converting game_eggs/steamcmd_servers/myth_of_empires/egg-myth-of-empires.json... [2m2025-12-04T22:33:27.113828Z[0m [32m INFO[0m Converting egg: Myth of Empires
[2m2025-12-04T22:33:27.113853Z[0m [32m INFO[0m Scanning egg for security issues
[2m2025-12-04T22:33:27.114180Z[0m [33m WARN[0m Complex startup command detected, wrapping in shell
✅ -> egg-myth-of-empires.yaml
Converting game_eggs/steamcmd_servers/insurgency_sandstorm/egg-insurgency--sandstorm.json... [2m2025-12-04T22:33:27.115300Z[0m [32m INFO[0m Converting egg: Insurgency: Sandstorm
[2m2025-12-04T22:33:27.115324Z[0m [32m INFO[0m Scanning egg for security issues
✅ -> egg-insurgency--sandstorm.yaml
Converting game_eggs/steamcmd_servers/v_rising/v_rising_bepinex/egg-v-rising-bep-in-ex.json... [2m2025-12-04T22:33:27.116714Z[0m [32m INFO[0m Converting egg: V Rising BepInEx
[2m2025-12-04T22:33:27.116744Z[0m [32m INFO[0m Scanning egg for security issues
[2m2025-12-04T22:33:27.117126Z[0m [33m WARN[0m Complex startup command detected, wrapping in shell
✅ -> egg-v-rising-bep-in-ex.yaml
Converting game_eggs/steamcmd_servers/v_rising/v_rising_vanilla/egg-v-rising.json... [2m2025-12-04T22:33:27.118421Z[0m [32m INFO[0m Converting egg: V Rising
[2m2025-12-04T22:33:27.118444Z[0m [32m INFO[0m Scanning egg for security issues
✅ -> egg-v-rising.yaml
Converting game_eggs/steamcmd_servers/sonsoftheforest/egg-sons-of-the-forest.json... [2m2025-12-04T22:33:27.119864Z[0m [32m INFO[0m Converting egg: Sons Of The Forest
[2m2025-12-04T22:33:27.119899Z[0m [32m INFO[0m Scanning egg for security issues
✅ -> egg-sons-of-the-forest.yaml
Converting game_eggs/steamcmd_servers/tower_unite/egg-tower-unite.json... [2m2025-12-04T22:33:27.121318Z[0m [32m INFO[0m Converting egg: Tower Unite
[2m2025-12-04T22:33:27.121342Z[0m [32m INFO[0m Scanning egg for security issues
✅ -> egg-tower-unite.yaml
Converting game_eggs/steamcmd_servers/subnautica_nitrox_mod/egg-subnautica.json... [2m2025-12-04T22:33:27.122660Z[0m [32m INFO[0m Converting egg: Subnautica
[2m2025-12-04T22:33:27.122690Z[0m [32m INFO[0m Scanning egg for security issues
✅ -> egg-subnautica.yaml
Converting game_eggs/steamcmd_servers/dead_matter/egg-dead-matter.json... [2m2025-12-04T22:33:27.124087Z[0m [32m INFO[0m Converting egg: Dead Matter
[2m2025-12-04T22:33:27.124104Z[0m [32m INFO[0m Scanning egg for security issues
[2m2025-12-04T22:33:27.124417Z[0m [33m WARN[0m Complex startup command detected, wrapping in shell
✅ -> egg-dead-matter.yaml
Converting game_eggs/steamcmd_servers/longvinter/egg-longvinter.json... [2m2025-12-04T22:33:27.125376Z[0m [32m INFO[0m Converting egg: Longvinter
[2m2025-12-04T22:33:27.125398Z[0m [32m INFO[0m Scanning egg for security issues
[2m2025-12-04T22:33:27.125634Z[0m [33m WARN[0m Security issue in installation script: Dangerous: piping curl to bash
✅ -> egg-longvinter.yaml
Converting game_eggs/steamcmd_servers/truck-simulator/american-truck-simulator/egg-american-truck-simulator-dedicated-server.json... [2m2025-12-04T22:33:27.126877Z[0m [32m INFO[0m Converting egg: American Truck Simulator Dedicated Server
[2m2025-12-04T22:33:27.126904Z[0m [32m INFO[0m Scanning egg for security issues
✅ -> egg-american-truck-simulator-dedicated-server.yaml
Converting game_eggs/steamcmd_servers/truck-simulator/euro-truck-simulator2/egg-euro-truck-simulator2-dedicated-server.json... [2m2025-12-04T22:33:27.128191Z[0m [32m INFO[0m Converting egg: Euro Truck Simulator 2 Dedicated server
[2m2025-12-04T22:33:27.128219Z[0m [32m INFO[0m Scanning egg for security issues
✅ -> egg-euro-truck-simulator2-dedicated-server.yaml
Converting game_eggs/steamcmd_servers/no_one_survived/egg-no-one-survived.json... [2m2025-12-04T22:33:27.129540Z[0m [32m INFO[0m Converting egg: No One Survived
[2m2025-12-04T22:33:27.129575Z[0m [32m INFO[0m Scanning egg for security issues
✅ -> egg-no-one-survived.yaml
Converting game_eggs/steamcmd_servers/humanitz/egg-humanit-z.json... [2m2025-12-04T22:33:27.131296Z[0m [32m INFO[0m Converting egg: HumanitZ
[2m2025-12-04T22:33:27.131330Z[0m [32m INFO[0m Scanning egg for security issues
✅ -> egg-humanit-z.yaml
Converting game_eggs/steamcmd_servers/assetto_corsa/egg-assetto-corsa--freeroam--a-i.json... [2m2025-12-04T22:33:27.133380Z[0m [32m INFO[0m Converting egg: Assetto Corsa (Freeroam + AI)
[2m2025-12-04T22:33:27.133397Z[0m [32m INFO[0m Scanning egg for security issues
✅ -> egg-assetto-corsa--freeroam--a-i.yaml
Converting game_eggs/steamcmd_servers/assetto_corsa/egg-assetto-corsa.json... [2m2025-12-04T22:33:27.134571Z[0m [32m INFO[0m Converting egg: Assetto Corsa
[2m2025-12-04T22:33:27.134589Z[0m [32m INFO[0m Scanning egg for security issues
✅ -> egg-assetto-corsa.yaml
Converting game_eggs/steamcmd_servers/astroneer/egg-astroneer-dedicated-server.json... [2m2025-12-04T22:33:27.135898Z[0m [32m INFO[0m Converting egg: Astroneer Dedicated Server
[2m2025-12-04T22:33:27.135933Z[0m [32m INFO[0m Scanning egg for security issues
✅ -> egg-astroneer-dedicated-server.yaml
Converting game_eggs/steamcmd_servers/avorion/egg-avorion.json... [2m2025-12-04T22:33:27.137546Z[0m [32m INFO[0m Converting egg: Avorion
[2m2025-12-04T22:33:27.137576Z[0m [32m INFO[0m Scanning egg for security issues
✅ -> egg-avorion.yaml
Converting game_eggs/steamcmd_servers/soldat/egg-soldat.json... [2m2025-12-04T22:33:27.138924Z[0m [32m INFO[0m Converting egg: Soldat
[2m2025-12-04T22:33:27.138951Z[0m [32m INFO[0m Scanning egg for security issues
✅ -> egg-soldat.yaml
Converting game_eggs/steamcmd_servers/novalife_amboise/egg-nova--life--amboise.json... [2m2025-12-04T22:33:27.140257Z[0m [32m INFO[0m Converting egg: Nova-Life: Amboise
[2m2025-12-04T22:33:27.140288Z[0m [32m INFO[0m Scanning egg for security issues
✅ -> egg-nova--life--amboise.yaml
Converting game_eggs/steamcmd_servers/resonite/Config.json... ❌ missing field `meta` at line 48 column 1
Converting game_eggs/steamcmd_servers/resonite/egg-resonite.json... [2m2025-12-04T22:33:27.141754Z[0m [32m INFO[0m Converting egg: Resonite
[2m2025-12-04T22:33:27.141780Z[0m [32m INFO[0m Scanning egg for security issues
[2m2025-12-04T22:33:27.142106Z[0m [33m WARN[0m Complex startup command detected, wrapping in shell
❌ Config validation failed: Resonite

❌ Validation Errors:
  • Variable 'STEAM_USER': required but has no default value and is not user editable
  • Variable 'STEAM_PASS': required but has no default value and is not user editable
  • Variable 'SRCDS_BETAPASS': required but has no default value and is not user editable

💡 Solution:
  Fix the above issues and re-run validation
Converting game_eggs/steamcmd_servers/pixark/egg-pix-a-r-k.json... [2m2025-12-04T22:33:27.142822Z[0m [32m INFO[0m Converting egg: PixARK
[2m2025-12-04T22:33:27.142852Z[0m [32m INFO[0m Scanning egg for security issues
❌ Config validation failed: PixARK

❌ Validation Errors:
  • Variable 'RCPORT': required but has no default value and is not user editable
  • Variable 'CUBEPORT': required but has no default value and is not user editable

💡 Solution:
  Fix the above issues and re-run validation
Converting game_eggs/steamcmd_servers/dont_starve/egg-don-t-starve-together.json... [2m2025-12-04T22:33:27.143947Z[0m [32m INFO[0m Converting egg: Don't Starve Together
[2m2025-12-04T22:33:27.143978Z[0m [32m INFO[0m Scanning egg for security issues
[2m2025-12-04T22:33:27.144426Z[0m [33m WARN[0m Complex startup command detected, wrapping in shell
✅ -> egg-don-t-starve-together.yaml
Converting game_eggs/steamcmd_servers/hlds_server/vanilla/egg-custom-h-l-d-s-engine-game.json... [2m2025-12-04T22:33:27.145842Z[0m [32m INFO[0m Converting egg: Custom HLDS Engine Game
[2m2025-12-04T22:33:27.145858Z[0m [32m INFO[0m Scanning egg for security issues
✅ -> egg-custom-h-l-d-s-engine-game.yaml
Converting game_eggs/steamcmd_servers/hlds_server/rehlds/egg-custom-re-h-l-d-s-engine-game.json... [2m2025-12-04T22:33:27.147176Z[0m [32m INFO[0m Converting egg: Custom ReHLDS Engine Game
[2m2025-12-04T22:33:27.147206Z[0m [32m INFO[0m Scanning egg for security issues
✅ -> egg-custom-re-h-l-d-s-engine-game.yaml
Converting game_eggs/steamcmd_servers/arma/arma3/egg-arma3.json... [2m2025-12-04T22:33:27.148660Z[0m [32m INFO[0m Converting egg: Arma 3
[2m2025-12-04T22:33:27.148686Z[0m [32m INFO[0m Scanning egg for security issues
✅ -> egg-arma3.yaml
Converting game_eggs/steamcmd_servers/arma/arma_reforger/egg-arma-reforger.json... ❌ invalid type: boolean `true`, expected a string at line 14 column 54
Converting game_eggs/steamcmd_servers/the_isle/evrima/egg-the-isle.json... [2m2025-12-04T22:33:27.150428Z[0m [32m INFO[0m Converting egg: The Isle
[2m2025-12-04T22:33:27.150454Z[0m [32m INFO[0m Scanning egg for security issues
✅ -> egg-the-isle.yaml
Converting game_eggs/steamcmd_servers/stationeers/stationeers_bepinex/egg-stationeers--bep-in-ex.json... [2m2025-12-04T22:33:27.151923Z[0m [32m INFO[0m Converting egg: Stationeers (BepInEx)
[2m2025-12-04T22:33:27.151949Z[0m [32m INFO[0m Scanning egg for security issues
[2m2025-12-04T22:33:27.152048Z[0m [33m WARN[0m Security issue in installation script: Dangerous: recursive root deletion
[2m2025-12-04T22:33:27.152280Z[0m [33m WARN[0m Complex startup command detected, wrapping in shell
✅ -> egg-stationeers--bep-in-ex.yaml
Converting game_eggs/steamcmd_servers/stationeers/stationeers_vanilla/egg-stationeers.json... [2m2025-12-04T22:33:27.153438Z[0m [32m INFO[0m Converting egg: Stationeers
[2m2025-12-04T22:33:27.153454Z[0m [32m INFO[0m Scanning egg for security issues
[2m2025-12-04T22:33:27.153734Z[0m [33m WARN[0m Complex startup command detected, wrapping in shell
✅ -> egg-stationeers.yaml
Converting game_eggs/steamcmd_servers/iosoccer/eggs-iosoccer.json... [2m2025-12-04T22:33:27.154777Z[0m [32m INFO[0m Converting egg: Iosoccer server
[2m2025-12-04T22:33:27.154798Z[0m [32m INFO[0m Scanning egg for security issues
✅ -> eggs-iosoccer.yaml
Converting game_eggs/steamcmd_servers/core_keeper/egg-core-keeper.json... [2m2025-12-04T22:33:27.156128Z[0m [32m INFO[0m Converting egg: Core Keeper
[2m2025-12-04T22:33:27.156153Z[0m [32m INFO[0m Scanning egg for security issues
[2m2025-12-04T22:33:27.156460Z[0m [33m WARN[0m Complex startup command detected, wrapping in shell
✅ -> egg-core-keeper.yaml
Converting game_eggs/steamcmd_servers/risk_of_rain_2/egg-risk-of-rain2.json... [2m2025-12-04T22:33:27.157407Z[0m [32m INFO[0m Converting egg: Risk of Rain 2
[2m2025-12-04T22:33:27.157433Z[0m [32m INFO[0m Scanning egg for security issues
✅ -> egg-risk-of-rain2.yaml
Converting game_eggs/steamcmd_servers/enshrouded/enshrouded_server.json... ❌ missing field `meta` at line 10 column 1
Converting game_eggs/steamcmd_servers/enshrouded/egg-enshrouded.json... [2m2025-12-04T22:33:27.158927Z[0m [32m INFO[0m Converting egg: Enshrouded
[2m2025-12-04T22:33:27.158954Z[0m [32m INFO[0m Scanning egg for security issues
[2m2025-12-04T22:33:27.159262Z[0m [33m WARN[0m Complex startup command detected, wrapping in shell
✅ -> egg-enshrouded.yaml
Converting game_eggs/steamcmd_servers/wurm_unlimited/egg-wurm-unlimited.json... [2m2025-12-04T22:33:27.160223Z[0m [32m INFO[0m Converting egg: Wurm Unlimited
[2m2025-12-04T22:33:27.160254Z[0m [32m INFO[0m Scanning egg for security issues
❌ Config validation failed: Wurm Unlimited

❌ Validation Errors:
  • Variable 'QUERY_PORT': required but has no default value and is not user editable

💡 Solution:
  Fix the above issues and re-run validation
Converting game_eggs/steamcmd_servers/stormworks/egg-stormworks--build-and-rescue.json... [2m2025-12-04T22:33:27.161418Z[0m [32m INFO[0m Converting egg: Stormworks: Build and Rescue
[2m2025-12-04T22:33:27.161457Z[0m [32m INFO[0m Scanning egg for security issues
✅ -> egg-stormworks--build-and-rescue.yaml
Converting game_eggs/steamcmd_servers/project_zomboid/egg-project-zomboid.json... [2m2025-12-04T22:33:27.162745Z[0m [32m INFO[0m Converting egg: Project Zomboid
[2m2025-12-04T22:33:27.162768Z[0m [32m INFO[0m Scanning egg for security issues
[2m2025-12-04T22:33:27.163099Z[0m [33m WARN[0m Complex startup command detected, wrapping in shell
✅ -> egg-project-zomboid.yaml
Converting game_eggs/steamcmd_servers/valheim/valheim_vanilla/egg-valheim.json... [2m2025-12-04T22:33:27.164122Z[0m [32m INFO[0m Converting egg: Valheim
[2m2025-12-04T22:33:27.164153Z[0m [32m INFO[0m Scanning egg for security issues
[2m2025-12-04T22:33:27.164500Z[0m [33m WARN[0m Complex startup command detected, wrapping in shell
✅ -> egg-valheim.yaml
Converting game_eggs/steamcmd_servers/valheim/valheim_plus/egg-valheim-plus-mod.json... [2m2025-12-04T22:33:27.165630Z[0m [32m INFO[0m Converting egg: Valheim Plus Mod
[2m2025-12-04T22:33:27.165655Z[0m [32m INFO[0m Scanning egg for security issues
[2m2025-12-04T22:33:27.165974Z[0m [33m WARN[0m Complex startup command detected, wrapping in shell
✅ -> egg-valheim-plus-mod.yaml
Converting game_eggs/steamcmd_servers/valheim/valheim_bepinex/egg-valheim-bep-i-nex.json... [2m2025-12-04T22:33:27.167100Z[0m [32m INFO[0m Converting egg: Valheim  BepINex
[2m2025-12-04T22:33:27.167132Z[0m [32m INFO[0m Scanning egg for security issues
[2m2025-12-04T22:33:27.167250Z[0m [33m WARN[0m Security issue in installation script: Dangerous: recursive root deletion
[2m2025-12-04T22:33:27.167526Z[0m [33m WARN[0m Complex startup command detected, wrapping in shell
✅ -> egg-valheim-bep-i-nex.yaml
Converting game_eggs/steamcmd_servers/operation_harsh_doorstop/egg-operation-harsh-doorstop.json... [2m2025-12-04T22:33:27.168918Z[0m [32m INFO[0m Converting egg: Operation Harsh Doorstop
[2m2025-12-04T22:33:27.168941Z[0m [32m INFO[0m Scanning egg for security issues
✅ -> egg-operation-harsh-doorstop.yaml
Converting game_eggs/steamcmd_servers/scpsl/exiled/egg-s-c-p--s-l--exiled.json... [2m2025-12-04T22:33:27.170163Z[0m [32m INFO[0m Converting egg: SCP:SL - Exiled
[2m2025-12-04T22:33:27.170183Z[0m [32m INFO[0m Scanning egg for security issues
✅ -> egg-s-c-p--s-l--exiled.yaml
Converting game_eggs/steamcmd_servers/scpsl/dedicated/egg-scpsl.json... [2m2025-12-04T22:33:27.171451Z[0m [32m INFO[0m Converting egg: SCP:SL
[2m2025-12-04T22:33:27.171475Z[0m [32m INFO[0m Scanning egg for security issues
✅ -> egg-scpsl.yaml
Converting game_eggs/steamcmd_servers/no_love_lost/egg-no-love-lost.json... [2m2025-12-04T22:33:27.172689Z[0m [32m INFO[0m Converting egg: No Love Lost
[2m2025-12-04T22:33:27.172719Z[0m [32m INFO[0m Scanning egg for security issues
[2m2025-12-04T22:33:27.173065Z[0m [33m WARN[0m Complex startup command detected, wrapping in shell
✅ -> egg-no-love-lost.yaml
Converting game_eggs/steamcmd_servers/neosvr/Config.json... ❌ missing field `meta` at line 48 column 1
Converting game_eggs/steamcmd_servers/neosvr/egg-neos-v-r.json... [2m2025-12-04T22:33:27.174453Z[0m [32m INFO[0m Converting egg: NeosVR
[2m2025-12-04T22:33:27.174473Z[0m [32m INFO[0m Scanning egg for security issues
[2m2025-12-04T22:33:27.174595Z[0m [33m WARN[0m Security issue in installation script: Dangerous: recursive root deletion
[2m2025-12-04T22:33:27.174833Z[0m [33m WARN[0m Complex startup command detected, wrapping in shell
✅ -> egg-neos-v-r.yaml
Converting game_eggs/steamcmd_servers/frozen_flame/egg-frozen-flame.json... [2m2025-12-04T22:33:27.175783Z[0m [32m INFO[0m Converting egg: Frozen Flame
[2m2025-12-04T22:33:27.175811Z[0m [32m INFO[0m Scanning egg for security issues
✅ -> egg-frozen-flame.yaml
Converting game_eggs/steamcmd_servers/starbound/egg-starbound.json... [2m2025-12-04T22:33:27.177245Z[0m [32m INFO[0m Converting egg: Starbound
[2m2025-12-04T22:33:27.177269Z[0m [32m INFO[0m Scanning egg for security issues
[2m2025-12-04T22:33:27.177377Z[0m [33m WARN[0m Security issue in installation script: Dangerous: recursive root deletion
❌ Config validation failed: Starbound

❌ Validation Errors:
  • Variable 'STEAM_USER': required but has no default value and is not user editable

💡 Solution:
  Fix the above issues and re-run validation
Converting game_eggs/steamcmd_servers/ark_survival_evolved/egg-ark--survival-evolved.json... [2m2025-12-04T22:33:27.178247Z[0m [32m INFO[0m Converting egg: Ark: Survival Evolved
[2m2025-12-04T22:33:27.178272Z[0m [32m INFO[0m Scanning egg for security issues
[2m2025-12-04T22:33:27.178597Z[0m [33m WARN[0m Complex startup command detected, wrapping in shell
✅ -> egg-ark--survival-evolved.yaml
Converting game_eggs/steamcmd_servers/the_forest/egg-the-forest.json... [2m2025-12-04T22:33:27.179662Z[0m [32m INFO[0m Converting egg: The Forest
[2m2025-12-04T22:33:27.179693Z[0m [32m INFO[0m Scanning egg for security issues
[2m2025-12-04T22:33:27.180050Z[0m [33m WARN[0m Complex startup command detected, wrapping in shell
✅ -> egg-the-forest.yaml
Converting game_eggs/steamcmd_servers/ground_branch/egg-ground-branch.json... [2m2025-12-04T22:33:27.181210Z[0m [32m INFO[0m Converting egg: Ground Branch
[2m2025-12-04T22:33:27.181237Z[0m [32m INFO[0m Scanning egg for security issues
✅ -> egg-ground-branch.yaml
Converting game_eggs/steamcmd_servers/portal_knights/egg-portal-knights.json... [2m2025-12-04T22:33:27.182625Z[0m [32m INFO[0m Converting egg: Portal Knights
[2m2025-12-04T22:33:27.182650Z[0m [32m INFO[0m Scanning egg for security issues
[2m2025-12-04T22:33:27.183032Z[0m [33m WARN[0m Complex startup command detected, wrapping in shell
❌ Config validation failed: Portal Knights

❌ Validation Errors:
  • Variable 'STEAM_USER': required but has no default value and is not user editable
  • Variable 'STEAM_PASS': required but has no default value and is not user editable

💡 Solution:
  Fix the above issues and re-run validation
Converting game_eggs/steamcmd_servers/rising_world/legacy/egg-rising-world-legacy.json... [2m2025-12-04T22:33:27.183930Z[0m [32m INFO[0m Converting egg: Rising World Java Legacy
[2m2025-12-04T22:33:27.183956Z[0m [32m INFO[0m Scanning egg for security issues
✅ -> egg-rising-world-legacy.yaml
Converting game_eggs/steamcmd_servers/rising_world/unity/egg-rising-world-unity.json... [2m2025-12-04T22:33:27.185356Z[0m [32m INFO[0m Converting egg: Rising World Unity
[2m2025-12-04T22:33:27.185387Z[0m [32m INFO[0m Scanning egg for security issues
✅ -> egg-rising-world-unity.yaml
Converting game_eggs/steamcmd_servers/7_days_to_die/egg-7-days-to-die.json... [2m2025-12-04T22:33:27.186738Z[0m [32m INFO[0m Converting egg: 7 Days To Die
[2m2025-12-04T22:33:27.186760Z[0m [32m INFO[0m Scanning egg for security issues
[2m2025-12-04T22:33:27.187080Z[0m [33m WARN[0m Complex startup command detected, wrapping in shell
✅ -> egg-7-days-to-die.yaml
Converting game_eggs/steamcmd_servers/unturned/egg-unturned.json... [2m2025-12-04T22:33:27.188066Z[0m [32m INFO[0m Converting egg: Unturned
[2m2025-12-04T22:33:27.188099Z[0m [32m INFO[0m Scanning egg for security issues
✅ -> egg-unturned.yaml
Converting game_eggs/steamcmd_servers/killing_floor_2/egg-killing-floor2.json... [2m2025-12-04T22:33:27.189421Z[0m [32m INFO[0m Converting egg: Killing Floor 2
[2m2025-12-04T22:33:27.189437Z[0m [32m INFO[0m Scanning egg for security issues
[2m2025-12-04T22:33:27.189747Z[0m [33m WARN[0m Complex startup command detected, wrapping in shell
✅ -> egg-killing-floor2.yaml
Converting game_eggs/steamcmd_servers/swords_'n_Magic_and_Stuff/egg-swords-n-magic-and-stuff.json... [2m2025-12-04T22:33:27.190774Z[0m [32m INFO[0m Converting egg: Swords 'n Magic and Stuff
[2m2025-12-04T22:33:27.190803Z[0m [32m INFO[0m Scanning egg for security issues
✅ -> egg-swords-n-magic-and-stuff.yaml
Converting game_eggs/steamcmd_servers/ddnet/egg-d-d-net.json... [2m2025-12-04T22:33:27.192168Z[0m [32m INFO[0m Converting egg: DDNet
[2m2025-12-04T22:33:27.192193Z[0m [32m INFO[0m Scanning egg for security issues
❌ Config validation failed: DDNet

❌ Validation Errors:
  • Variable 'STEAM_USER': required but has no default value and is not user editable
  • Variable 'STEAM_PASS': required but has no default value and is not user editable

💡 Solution:
  Fix the above issues and re-run validation
Converting game_eggs/steamcmd_servers/battalion_legacy/egg-b-a-t-t-a-l-i-o-n--legacy.json... [2m2025-12-04T22:33:27.193102Z[0m [32m INFO[0m Converting egg: BATTALION: Legacy
[2m2025-12-04T22:33:27.193120Z[0m [32m INFO[0m Scanning egg for security issues
✅ -> egg-b-a-t-t-a-l-i-o-n--legacy.yaml
Converting game_eggs/steamcmd_servers/icarus/egg-icarus--dedicated.json... [2m2025-12-04T22:33:27.194418Z[0m [32m INFO[0m Converting egg: Icarus-Dedicated
[2m2025-12-04T22:33:27.194441Z[0m [32m INFO[0m Scanning egg for security issues
✅ -> egg-icarus--dedicated.yaml
Converting game_eggs/starmade/egg-starmade.json... [2m2025-12-04T22:33:27.195600Z[0m [32m INFO[0m Converting egg: starmade
[2m2025-12-04T22:33:27.195616Z[0m [32m INFO[0m Scanning egg for security issues
✅ -> egg-starmade.yaml
Converting game_eggs/leaguesandbox/LeagueSandbox_Egg.json... [2m2025-12-04T22:33:27.196827Z[0m [32m INFO[0m Converting egg: LeagueSandbox
[2m2025-12-04T22:33:27.196843Z[0m [32m INFO[0m Scanning egg for security issues
✅ -> LeagueSandbox_Egg.yaml
Converting game_eggs/vintage_story/egg-vintage-story.json... [2m2025-12-04T22:33:27.197901Z[0m [32m INFO[0m Converting egg: Vintage Story
[2m2025-12-04T22:33:27.197920Z[0m [32m INFO[0m Scanning egg for security issues
✅ -> egg-vintage-story.yaml
Converting game_eggs/urbanterror/egg-urban-terror.json... [2m2025-12-04T22:33:27.199119Z[0m [32m INFO[0m Converting egg: Urban Terror
[2m2025-12-04T22:33:27.199150Z[0m [32m INFO[0m Scanning egg for security issues
✅ -> egg-urban-terror.yaml
Converting game_eggs/eft/egg-singleplayer-tarkov.json... [2m2025-12-04T22:33:27.200382Z[0m [32m INFO[0m Converting egg: Singleplayer Tarkov
[2m2025-12-04T22:33:27.200406Z[0m [32m INFO[0m Scanning egg for security issues
[2m2025-12-04T22:33:27.200618Z[0m [33m WARN[0m Security issue in installation script: Dangerous: piping curl to bash
✅ -> egg-singleplayer-tarkov.yaml
Converting game_eggs/wine/generic/egg-wine-generic.json... [2m2025-12-04T22:33:27.201616Z[0m [32m INFO[0m Converting egg: Wine Generic
[2m2025-12-04T22:33:27.201639Z[0m [32m INFO[0m Scanning egg for security issues
✅ -> egg-wine-generic.yaml
Converting game_eggs/terraria/vanilla/egg-terraria-vanilla.json... [2m2025-12-04T22:33:27.202835Z[0m [32m INFO[0m Converting egg: Terraria Vanilla
[2m2025-12-04T22:33:27.202862Z[0m [32m INFO[0m Scanning egg for security issues
✅ -> egg-terraria-vanilla.yaml
Converting game_eggs/terraria/tshock/egg-tshock.json... [2m2025-12-04T22:33:27.204167Z[0m [32m INFO[0m Converting egg: tshock
[2m2025-12-04T22:33:27.204194Z[0m [32m INFO[0m Scanning egg for security issues
✅ -> egg-tshock.yaml
Converting game_eggs/terraria/tshock/egg-tshock-legacy.json... [2m2025-12-04T22:33:27.205356Z[0m [32m INFO[0m Converting egg: tshock legacy
[2m2025-12-04T22:33:27.205381Z[0m [32m INFO[0m Scanning egg for security issues
✅ -> egg-tshock-legacy.yaml
Converting game_eggs/terraria/tmodloader/egg-t-modloader.json... [2m2025-12-04T22:33:27.206516Z[0m [32m INFO[0m Converting egg: tModloader
[2m2025-12-04T22:33:27.206541Z[0m [32m INFO[0m Scanning egg for security issues
✅ -> egg-t-modloader.yaml
Converting game_eggs/xonotic/xonotic/egg-xonotic.json... [2m2025-12-04T22:33:27.207759Z[0m [32m INFO[0m Converting egg: Xonotic
[2m2025-12-04T22:33:27.207791Z[0m [32m INFO[0m Scanning egg for security issues
✅ -> egg-xonotic.yaml
Converting game_eggs/beamng/beammp/egg-beam-m-p-server.json... [2m2025-12-04T22:33:27.209001Z[0m [32m INFO[0m Converting egg: BeamMP Servers
[2m2025-12-04T22:33:27.209024Z[0m [32m INFO[0m Scanning egg for security issues
✅ -> egg-beam-m-p-server.yaml
Converting game_eggs/beamng/kissmp/egg-kissmp.json... [2m2025-12-04T22:33:27.210278Z[0m [32m INFO[0m Converting egg: KissMP Server
[2m2025-12-04T22:33:27.210299Z[0m [32m INFO[0m Scanning egg for security issues
✅ -> egg-kissmp.yaml
Converting game_eggs/ftl/tachyon/egg-tachyon.json... [2m2025-12-04T22:33:27.211728Z[0m [32m INFO[0m Converting egg: Tachyon
[2m2025-12-04T22:33:27.211756Z[0m [32m INFO[0m Scanning egg for security issues
✅ -> egg-tachyon.yaml
Converting game_eggs/minetest/egg-minetest.json... [2m2025-12-04T22:33:27.213457Z[0m [32m INFO[0m Converting egg: Minetest
[2m2025-12-04T22:33:27.213489Z[0m [32m INFO[0m Scanning egg for security issues
✅ -> egg-minetest.yaml
Converting game_eggs/ksp/egg-k-s-p-d-m-p.json... [2m2025-12-04T22:33:27.214814Z[0m [32m INFO[0m Converting egg: KSP DMP
[2m2025-12-04T22:33:27.214842Z[0m [32m INFO[0m Scanning egg for security issues
✅ -> egg-k-s-p-d-m-p.yaml
Converting game_eggs/openra/openra_red_alert/egg-open-r-a.json... [2m2025-12-04T22:33:27.216154Z[0m [32m INFO[0m Converting egg: OpenRA
[2m2025-12-04T22:33:27.216176Z[0m [32m INFO[0m Scanning egg for security issues
✅ -> egg-open-r-a.yaml
Converting game_eggs/openra/openra_dune2000/egg-open-r-a--dune2000.json... [2m2025-12-04T22:33:27.217417Z[0m [32m INFO[0m Converting egg: OpenRA - Dune2000
[2m2025-12-04T22:33:27.217442Z[0m [32m INFO[0m Scanning egg for security issues
✅ -> egg-open-r-a--dune2000.yaml
Converting game_eggs/openra/openra_tiberian_dawn/egg-open-r-a--tiberian-dawn.json... [2m2025-12-04T22:33:27.218656Z[0m [32m INFO[0m Converting egg: OpenRA - Tiberian Dawn
[2m2025-12-04T22:33:27.218681Z[0m [32m INFO[0m Scanning egg for security issues
✅ -> egg-open-r-a--tiberian-dawn.yaml
Converting game_eggs/openarena/egg-open-arena.json... [2m2025-12-04T22:33:27.219868Z[0m [32m INFO[0m Converting egg: OpenArena
[2m2025-12-04T22:33:27.219889Z[0m [32m INFO[0m Scanning egg for security issues
✅ -> egg-open-arena.yaml
Converting game_eggs/factorio/clusterio/egg-clusterio.json... [2m2025-12-04T22:33:27.221073Z[0m [32m INFO[0m Converting egg: Clusterio
[2m2025-12-04T22:33:27.221097Z[0m [32m INFO[0m Scanning egg for security issues
✅ -> egg-clusterio.yaml
Converting game_eggs/factorio/factorio/egg-factorio-a-r-m64.json... [2m2025-12-04T22:33:27.222460Z[0m [32m INFO[0m Converting egg: Factorio ARM64
[2m2025-12-04T22:33:27.222490Z[0m [32m INFO[0m Scanning egg for security issues
[2m2025-12-04T22:33:27.222833Z[0m [33m WARN[0m Complex startup command detected, wrapping in shell
✅ -> egg-factorio-a-r-m64.yaml
Converting game_eggs/factorio/factorio/egg-factorio.json... [2m2025-12-04T22:33:27.223911Z[0m [32m INFO[0m Converting egg: Factorio
[2m2025-12-04T22:33:27.223939Z[0m [32m INFO[0m Scanning egg for security issues
[2m2025-12-04T22:33:27.224261Z[0m [33m WARN[0m Complex startup command detected, wrapping in shell
✅ -> egg-factorio.yaml
Converting game_eggs/factorio/factorio-modupdate/egg-factorio-modupdate.json... [2m2025-12-04T22:33:27.225159Z[0m [32m INFO[0m Converting egg: Factorio-ModUpdate
[2m2025-12-04T22:33:27.225189Z[0m [32m INFO[0m Scanning egg for security issues
✅ -> egg-factorio-modupdate.yaml
Converting game_eggs/cubeengine/cube2/egg-cube2--sauerbraten.json... [2m2025-12-04T22:33:27.226457Z[0m [32m INFO[0m Converting egg: Cube 2: Sauerbraten
[2m2025-12-04T22:33:27.226473Z[0m [32m INFO[0m Scanning egg for security issues
✅ -> egg-cube2--sauerbraten.yaml
Converting game_eggs/cubeengine/assaultcube/egg-assault-cube.json... [2m2025-12-04T22:33:27.227685Z[0m [32m INFO[0m Converting egg: AssaultCube
[2m2025-12-04T22:33:27.227715Z[0m [32m INFO[0m Scanning egg for security issues
✅ -> egg-assault-cube.yaml
Converting game_eggs/FoundryVTT/egg-FoundryVTT.json... [2m2025-12-04T22:33:27.228876Z[0m [32m INFO[0m Converting egg: Foundry VTT
[2m2025-12-04T22:33:27.228902Z[0m [32m INFO[0m Scanning egg for security issues
✅ -> egg-FoundryVTT.yaml
Converting game_eggs/SuperTuxKart/egg-super-tux-kart.json... [2m2025-12-04T22:33:27.229978Z[0m [32m INFO[0m Converting egg: SuperTuxKart
[2m2025-12-04T22:33:27.229995Z[0m [32m INFO[0m Scanning egg for security issues
[2m2025-12-04T22:33:27.230093Z[0m [33m WARN[0m Security issue in installation script: Dangerous: recursive root deletion
✅ -> egg-super-tux-kart.yaml
Converting game_eggs/neverwinter_nights_ee/egg-neverwinter-nights--enhanced-edition.json... [2m2025-12-04T22:33:27.231714Z[0m [32m INFO[0m Converting egg: Neverwinter Nights: Enhanced Edition
[2m2025-12-04T22:33:27.231731Z[0m [32m INFO[0m Scanning egg for security issues
[2m2025-12-04T22:33:27.232050Z[0m [33m WARN[0m Complex startup command detected, wrapping in shell
✅ -> egg-neverwinter-nights--enhanced-edition.yaml
Converting game_eggs/rdr/redm/egg-red-m.json... [2m2025-12-04T22:33:27.233055Z[0m [32m INFO[0m Converting egg: RedM
[2m2025-12-04T22:33:27.233071Z[0m [32m INFO[0m Scanning egg for security issues
✅ -> egg-red-m.yaml
Converting game_eggs/teeworlds/egg-teeworlds.json... [2m2025-12-04T22:33:27.234239Z[0m [32m INFO[0m Converting egg: Teeworlds
[2m2025-12-04T22:33:27.234270Z[0m [32m INFO[0m Scanning egg for security issues
✅ -> egg-teeworlds.yaml
Converting game_eggs/cs2d/egg-c-s2-d.json... [2m2025-12-04T22:33:27.235395Z[0m [32m INFO[0m Converting egg: CS2D
[2m2025-12-04T22:33:27.235418Z[0m [32m INFO[0m Scanning egg for security issues
✅ -> egg-c-s2-d.yaml
Converting game_eggs/rimworld/open_world/egg-rimworld-open-world.json... [2m2025-12-04T22:33:27.236594Z[0m [32m INFO[0m Converting egg: Rimworld: Open World
[2m2025-12-04T22:33:27.236625Z[0m [32m INFO[0m Scanning egg for security issues
✅ -> egg-rimworld-open-world.yaml
Converting game_eggs/rimworld/together/egg-rimworld-together.json... [2m2025-12-04T22:33:27.237910Z[0m [32m INFO[0m Converting egg: Rimworld Together
[2m2025-12-04T22:33:27.237927Z[0m [32m INFO[0m Scanning egg for security issues
✅ -> egg-rimworld-together.yaml
Converting game_eggs/clone_hero/egg-clone-hero.json... [2m2025-12-04T22:33:27.239068Z[0m [32m INFO[0m Converting egg: Clone Hero
[2m2025-12-04T22:33:27.239093Z[0m [32m INFO[0m Scanning egg for security issues
[2m2025-12-04T22:33:27.239377Z[0m [33m WARN[0m Complex startup command detected, wrapping in shell
✅ -> egg-clone-hero.yaml
Converting game_eggs/mohaa/egg-mohaa.json... [2m2025-12-04T22:33:27.240257Z[0m [32m INFO[0m Converting egg: mohaa
[2m2025-12-04T22:33:27.240288Z[0m [32m INFO[0m Scanning egg for security issues
✅ -> egg-mohaa.yaml
Converting game_eggs/hogwarp/egg-hogwarp.json... [2m2025-12-04T22:33:27.241523Z[0m [32m INFO[0m Converting egg: Hogwarp
[2m2025-12-04T22:33:27.241548Z[0m [32m INFO[0m Scanning egg for security issues
[2m2025-12-04T22:33:27.241847Z[0m [33m WARN[0m Complex startup command detected, wrapping in shell
✅ -> egg-hogwarp.yaml
Converting game_eggs/spacestation_14/egg-spacestation14.json... [2m2025-12-04T22:33:27.242723Z[0m [32m INFO[0m Converting egg: Spacestation 14
[2m2025-12-04T22:33:27.242758Z[0m [32m INFO[0m Scanning egg for security issues
✅ -> egg-spacestation14.yaml
Converting game_eggs/among_us/bettercrewlink_server/egg-better-crewlink-server.json... [2m2025-12-04T22:33:27.243951Z[0m [32m INFO[0m Converting egg: BetterCrewlink Server
[2m2025-12-04T22:33:27.243974Z[0m [32m INFO[0m Scanning egg for security issues
✅ -> egg-better-crewlink-server.yaml
Converting game_eggs/among_us/crewlink_server/egg-crewlink-server.json... [2m2025-12-04T22:33:27.245078Z[0m [32m INFO[0m Converting egg: Crewlink server
[2m2025-12-04T22:33:27.245095Z[0m [32m INFO[0m Scanning egg for security issues
✅ -> egg-crewlink-server.yaml
Converting game_eggs/among_us/impostor_server/egg-among-us--impostor-server.json... [2m2025-12-04T22:33:27.246234Z[0m [32m INFO[0m Converting egg: Among Us - Impostor Server
[2m2025-12-04T22:33:27.246256Z[0m [32m INFO[0m Scanning egg for security issues
✅ -> egg-among-us--impostor-server.yaml
Converting game_eggs/losangelescrimes/egg-l-a-c--online-public-server.json... [2m2025-12-04T22:33:27.247374Z[0m [32m INFO[0m Converting egg: LAC-Online Public Server
[2m2025-12-04T22:33:27.247391Z[0m [32m INFO[0m Scanning egg for security issues
✅ -> egg-l-a-c--online-public-server.yaml
Converting game_eggs/minecraft/bedrock/bedrock/egg-vanilla-bedrock.json... [2m2025-12-04T22:33:27.248529Z[0m [32m INFO[0m Converting egg: Vanilla Bedrock
[2m2025-12-04T22:33:27.248559Z[0m [32m INFO[0m Scanning egg for security issues
✅ -> egg-vanilla-bedrock.yaml
Converting game_eggs/minecraft/bedrock/bedrock/egg-vanilla-bedrock-ARM64.json... [2m2025-12-04T22:33:27.249853Z[0m [32m INFO[0m Converting egg: Vanilla Bedrock ARM64
[2m2025-12-04T22:33:27.249878Z[0m [32m INFO[0m Scanning egg for security issues
✅ -> egg-vanilla-bedrock-ARM64.yaml
Converting game_eggs/minecraft/bedrock/nukkit/egg-nukkit.json... [2m2025-12-04T22:33:27.251239Z[0m [32m INFO[0m Converting egg: Nukkit
[2m2025-12-04T22:33:27.251263Z[0m [32m INFO[0m Scanning egg for security issues
✅ -> egg-nukkit.yaml
Converting game_eggs/minecraft/bedrock/gomint/egg-go-mint.json... [2m2025-12-04T22:33:27.253090Z[0m [32m INFO[0m Converting egg: GoMint
[2m2025-12-04T22:33:27.253114Z[0m [32m INFO[0m Scanning egg for security issues
✅ -> egg-go-mint.yaml
Converting game_eggs/minecraft/bedrock/LiteLoader-bedrock/egg-LiteLoader-bedrock.json... [2m2025-12-04T22:33:27.254296Z[0m [32m INFO[0m Converting egg: Liteloader Bedrock Dedicated Server
[2m2025-12-04T22:33:27.254329Z[0m [32m INFO[0m Scanning egg for security issues
✅ -> egg-LiteLoader-bedrock.yaml
Converting game_eggs/minecraft/bedrock/PowerNukkitX/egg-powernukkitx.json... [2m2025-12-04T22:33:27.255566Z[0m [32m INFO[0m Converting egg: PowerNukkitX
[2m2025-12-04T22:33:27.255594Z[0m [32m INFO[0m Scanning egg for security issues
✅ -> egg-powernukkitx.yaml
Converting game_eggs/minecraft/bedrock/pocketmine_mp/egg-pocketmine-m-p.json... [2m2025-12-04T22:33:27.256782Z[0m [32m INFO[0m Converting egg: PocketmineMP
[2m2025-12-04T22:33:27.256805Z[0m [32m INFO[0m Scanning egg for security issues
✅ -> egg-pocketmine-m-p.yaml
Converting game_eggs/minecraft/java/spigot/egg-spigot.json... [2m2025-12-04T22:33:27.257991Z[0m [32m INFO[0m Converting egg: Spigot
[2m2025-12-04T22:33:27.258016Z[0m [32m INFO[0m Scanning egg for security issues
✅ -> egg-spigot.yaml
Converting game_eggs/minecraft/java/modrinth/egg-modrinth-generic.json... [2m2025-12-04T22:33:27.259718Z[0m [32m INFO[0m Converting egg: Modrinth Generic
[2m2025-12-04T22:33:27.259742Z[0m [32m INFO[0m Scanning egg for security issues
[2m2025-12-04T22:33:27.260099Z[0m [33m WARN[0m Complex startup command detected, wrapping in shell
✅ -> egg-modrinth-generic.yaml
Converting game_eggs/minecraft/java/fabric/egg-fabric.json... [2m2025-12-04T22:33:27.260978Z[0m [32m INFO[0m Converting egg: Fabric
[2m2025-12-04T22:33:27.260995Z[0m [32m INFO[0m Scanning egg for security issues
✅ -> egg-fabric.yaml
Converting game_eggs/minecraft/java/magma/egg-magma.json... [2m2025-12-04T22:33:27.262659Z[0m [32m INFO[0m Converting egg: Magma
[2m2025-12-04T22:33:27.262677Z[0m [32m INFO[0m Scanning egg for security issues
✅ -> egg-magma.yaml
Converting game_eggs/minecraft/java/mohist/egg-mohist.json... [2m2025-12-04T22:33:27.264317Z[0m [32m INFO[0m Converting egg: Mohist
[2m2025-12-04T22:33:27.264347Z[0m [32m INFO[0m Scanning egg for security issues
✅ -> egg-mohist.yaml
Converting game_eggs/minecraft/java/spongeforge/egg-sponge-forge.json... [2m2025-12-04T22:33:27.265547Z[0m [32m INFO[0m Converting egg: SpongeForge
[2m2025-12-04T22:33:27.265578Z[0m [32m INFO[0m Scanning egg for security issues
✅ -> egg-sponge-forge.yaml
Converting game_eggs/minecraft/java/glowstone/egg-glowstone.json... [2m2025-12-04T22:33:27.267283Z[0m [32m INFO[0m Converting egg: Glowstone
[2m2025-12-04T22:33:27.267307Z[0m [32m INFO[0m Scanning egg for security issues
✅ -> egg-glowstone.yaml
Converting game_eggs/minecraft/java/feather/egg-feather.json... ❌ missing field `docker_images` at line 41 column 1
Converting game_eggs/minecraft/java/purpur/egg-purpur.json... [2m2025-12-04T22:33:27.269210Z[0m [32m INFO[0m Converting egg: Purpur
[2m2025-12-04T22:33:27.269242Z[0m [32m INFO[0m Scanning egg for security issues
✅ -> egg-purpur.yaml
Converting game_eggs/minecraft/java/ftb/egg-ftb-modpacksch-server.json... [2m2025-12-04T22:33:27.270860Z[0m [32m INFO[0m Converting egg: FTB-modpacks.ch Server
[2m2025-12-04T22:33:27.270886Z[0m [32m INFO[0m Scanning egg for security issues
[2m2025-12-04T22:33:27.271223Z[0m [33m WARN[0m Complex startup command detected, wrapping in shell
✅ -> egg-ftb-modpacksch-server.yaml
Converting game_eggs/minecraft/java/ftb/outdated/egg-feed-the-beast.json... [2m2025-12-04T22:33:27.272144Z[0m [32m INFO[0m Converting egg: Feed the Beast
[2m2025-12-04T22:33:27.272170Z[0m [32m INFO[0m Scanning egg for security issues
✅ -> egg-feed-the-beast.yaml
Converting game_eggs/minecraft/java/ftb/outdated/egg-f-t-b-revelation.json... [2m2025-12-04T22:33:27.273438Z[0m [32m INFO[0m Converting egg: FTB Revelation
[2m2025-12-04T22:33:27.273454Z[0m [32m INFO[0m Scanning egg for security issues
✅ -> egg-f-t-b-revelation.yaml
Converting game_eggs/minecraft/java/curseforge/egg-curse-forge-generic.json... [2m2025-12-04T22:33:27.274644Z[0m [32m INFO[0m Converting egg: CurseForge Generic
[2m2025-12-04T22:33:27.274667Z[0m [32m INFO[0m Scanning egg for security issues
[2m2025-12-04T22:33:27.275009Z[0m [33m WARN[0m Complex startup command detected, wrapping in shell
✅ -> egg-curse-forge-generic.yaml
Converting game_eggs/minecraft/java/neoforge/egg-neo-forge.json... [2m2025-12-04T22:33:27.275948Z[0m [32m INFO[0m Converting egg: NeoForge
[2m2025-12-04T22:33:27.275978Z[0m [32m INFO[0m Scanning egg for security issues
✅ -> egg-neo-forge.yaml
Converting game_eggs/minecraft/java/folia/egg-folia.json... [2m2025-12-04T22:33:27.277250Z[0m [32m INFO[0m Converting egg: Folia
[2m2025-12-04T22:33:27.277281Z[0m [32m INFO[0m Scanning egg for security issues
✅ -> egg-folia.yaml
Converting game_eggs/minecraft/java/vanillacord/egg-vanilla-cord.json... [2m2025-12-04T22:33:27.278903Z[0m [32m INFO[0m Converting egg: VanillaCord
[2m2025-12-04T22:33:27.278927Z[0m [32m INFO[0m Scanning egg for security issues
✅ -> egg-vanilla-cord.yaml
Converting game_eggs/minecraft/java/technic/hexxit/egg-hexxit.json... [2m2025-12-04T22:33:27.280600Z[0m [32m INFO[0m Converting egg: Hexxit
[2m2025-12-04T22:33:27.280617Z[0m [32m INFO[0m Scanning egg for security issues
✅ -> egg-hexxit.yaml
Converting game_eggs/minecraft/java/technic/tekkit-classic/egg-tekkit-classic.json... [2m2025-12-04T22:33:27.281762Z[0m [32m INFO[0m Converting egg: Tekkit Classic
[2m2025-12-04T22:33:27.281779Z[0m [32m INFO[0m Scanning egg for security issues
✅ -> egg-tekkit-classic.yaml
Converting game_eggs/minecraft/java/technic/the-1-12-2-pack/egg-the1-12-2-pack.json... [2m2025-12-04T22:33:27.282932Z[0m [32m INFO[0m Converting egg: The 1.12.2 Pack
[2m2025-12-04T22:33:27.282955Z[0m [32m INFO[0m Scanning egg for security issues
✅ -> egg-the1-12-2-pack.yaml
Converting game_eggs/minecraft/java/technic/the-1-7-10-pack/egg-the1-7-10-pack.json... [2m2025-12-04T22:33:27.284171Z[0m [32m INFO[0m Converting egg: The 1.7.10 Pack
[2m2025-12-04T22:33:27.284187Z[0m [32m INFO[0m Scanning egg for security issues
✅ -> egg-the1-7-10-pack.yaml
Converting game_eggs/minecraft/java/technic/Tekkit-2/egg-tekkit-2.json... [2m2025-12-04T22:33:27.285306Z[0m [32m INFO[0m Converting egg: Tekkit 2
[2m2025-12-04T22:33:27.285326Z[0m [32m INFO[0m Scanning egg for security issues
✅ -> egg-tekkit-2.yaml
Converting game_eggs/minecraft/java/technic/Tekkit/egg-tekkit.json... [2m2025-12-04T22:33:27.286450Z[0m [32m INFO[0m Converting egg: Tekkit
[2m2025-12-04T22:33:27.286475Z[0m [32m INFO[0m Scanning egg for security issues
✅ -> egg-tekkit.yaml
Converting game_eggs/minecraft/java/technic/tekkit-legends/egg-tekkit-legends.json... [2m2025-12-04T22:33:27.287618Z[0m [32m INFO[0m Converting egg: Tekkit Legends
[2m2025-12-04T22:33:27.287636Z[0m [32m INFO[0m Scanning egg for security issues
✅ -> egg-tekkit-legends.yaml
Converting game_eggs/minecraft/java/technic/blightfall/egg-blightfall.json... [2m2025-12-04T22:33:27.288809Z[0m [32m INFO[0m Converting egg: Blightfall
[2m2025-12-04T22:33:27.288828Z[0m [32m INFO[0m Scanning egg for security issues
✅ -> egg-blightfall.yaml
Converting game_eggs/minecraft/java/technic/attack-of-the-bteam/egg-attack-of-the-b--team.json... [2m2025-12-04T22:33:27.289977Z[0m [32m INFO[0m Converting egg: Attack of the B-Team
[2m2025-12-04T22:33:27.289995Z[0m [32m INFO[0m Scanning egg for security issues
✅ -> egg-attack-of-the-b--team.yaml
Converting game_eggs/minecraft/java/spongevanilla/egg-sponge-vanilla.json... [2m2025-12-04T22:33:27.291118Z[0m [32m INFO[0m Converting egg: SpongeVanilla
[2m2025-12-04T22:33:27.291146Z[0m [32m INFO[0m Scanning egg for security issues
✅ -> egg-sponge-vanilla.yaml
Converting game_eggs/minecraft/java/paper/egg-paper.json... [2m2025-12-04T22:33:27.292754Z[0m [32m INFO[0m Converting egg: Paper
[2m2025-12-04T22:33:27.292781Z[0m [32m INFO[0m Scanning egg for security issues
✅ -> egg-paper.yaml
Converting game_eggs/minecraft/java/quilt/egg-quilt.json... [2m2025-12-04T22:33:27.294366Z[0m [32m INFO[0m Converting egg: Quilt
[2m2025-12-04T22:33:27.294382Z[0m [32m INFO[0m Scanning egg for security issues
✅ -> egg-quilt.yaml
Converting game_eggs/minecraft/java/cuberite/egg-cuberite.json... [2m2025-12-04T22:33:27.295994Z[0m [32m INFO[0m Converting egg: Cuberite
[2m2025-12-04T22:33:27.296011Z[0m [32m INFO[0m Scanning egg for security issues
✅ -> egg-cuberite.yaml
Converting game_eggs/minecraft/java/nanolimbo/egg-nano-limbo.json... [2m2025-12-04T22:33:27.297166Z[0m [32m INFO[0m Converting egg: NanoLimbo
[2m2025-12-04T22:33:27.297183Z[0m [32m INFO[0m Scanning egg for security issues
✅ -> egg-nano-limbo.yaml
Converting game_eggs/minecraft/java/krypton/egg-krypton.json... ❌ invalid type: string "", expected a sequence at line 23 column 21
Converting game_eggs/minecraft/java/limbo/egg-limbo.json... [2m2025-12-04T22:33:27.298919Z[0m [32m INFO[0m Converting egg: Limbo
[2m2025-12-04T22:33:27.298935Z[0m [32m INFO[0m Scanning egg for security issues
✅ -> egg-limbo.yaml
Converting game_eggs/minecraft/java/forge/forge/egg-forge-enhanced.json... [2m2025-12-04T22:33:27.300603Z[0m [32m INFO[0m Converting egg: Forge Enhanced
[2m2025-12-04T22:33:27.300634Z[0m [32m INFO[0m Scanning egg for security issues
[2m2025-12-04T22:33:27.300953Z[0m [33m WARN[0m Complex startup command detected, wrapping in shell
✅ -> egg-forge-enhanced.yaml
Converting game_eggs/minecraft/proxy/bedrock/waterdog_pe/egg-waterdog-p-e.json... [2m2025-12-04T22:33:27.302378Z[0m [32m INFO[0m Converting egg: Waterdog PE
[2m2025-12-04T22:33:27.302402Z[0m [32m INFO[0m Scanning egg for security issues
✅ -> egg-waterdog-p-e.yaml
Converting game_eggs/minecraft/proxy/cross_platform/waterdog/egg-waterdog.json... [2m2025-12-04T22:33:27.303611Z[0m [32m INFO[0m Converting egg: Waterdog
[2m2025-12-04T22:33:27.303643Z[0m [32m INFO[0m Scanning egg for security issues
✅ -> egg-waterdog.yaml
Converting game_eggs/minecraft/proxy/java/travertine/egg-travertine.json... ❌ invalid type: map, expected a string at line 6 column 33
Converting game_eggs/minecraft/proxy/java/velocity/egg-velocity.json... [2m2025-12-04T22:33:27.305101Z[0m [32m INFO[0m Converting egg: Velocity
[2m2025-12-04T22:33:27.305127Z[0m [32m INFO[0m Scanning egg for security issues
✅ -> egg-velocity.yaml
Converting game_eggs/minecraft/proxy/java/waterfall/egg-waterfall.json... ❌ invalid type: map, expected a string at line 6 column 33
Converting game_eggs/minecraft/proxy/java/viaaas/egg-v-i-aaa-s.json... [2m2025-12-04T22:33:27.307199Z[0m [32m INFO[0m Converting egg: VIAaaS
[2m2025-12-04T22:33:27.307220Z[0m [32m INFO[0m Scanning egg for security issues
✅ -> egg-v-i-aaa-s.yaml
Converting game_eggs/minecraft/crossplay/purpur-geysermc-floodgate/egg-purpur-geysermc-floodgate.json... [2m2025-12-04T22:33:27.308430Z[0m [32m INFO[0m Converting egg: Purpur-Geyser-Floodgate
[2m2025-12-04T22:33:27.308455Z[0m [32m INFO[0m Scanning egg for security issues
✅ -> egg-purpur-geysermc-floodgate.yaml
Converting game_eggs/ddracenetwork/egg-d-d-race-network.json... [2m2025-12-04T22:33:27.310151Z[0m [32m INFO[0m Converting egg: DDRaceNetwork
[2m2025-12-04T22:33:27.310188Z[0m [32m INFO[0m Scanning egg for security issues
✅ -> egg-d-d-race-network.yaml
Converting game_eggs/doom/zandronum/egg-zandronum.json... [2m2025-12-04T22:33:27.311428Z[0m [32m INFO[0m Converting egg: Zandronum
[2m2025-12-04T22:33:27.311453Z[0m [32m INFO[0m Scanning egg for security issues
✅ -> egg-zandronum.yaml
Converting monitoring/loki/egg-loki.json... [2m2025-12-04T22:33:27.312716Z[0m [32m INFO[0m Converting egg: Loki
[2m2025-12-04T22:33:27.312736Z[0m [32m INFO[0m Scanning egg for security issues
✅ -> egg-loki.yaml
Converting monitoring/prometheus/egg-prometheus.json... [2m2025-12-04T22:33:27.313861Z[0m [32m INFO[0m Converting egg: Prometheus
[2m2025-12-04T22:33:27.313879Z[0m [32m INFO[0m Scanning egg for security issues
✅ -> egg-prometheus.yaml
Converting generic/c#/egg-generic-c.json... [2m2025-12-04T22:33:27.315031Z[0m [32m INFO[0m Converting egg: Generic C#
[2m2025-12-04T22:33:27.315057Z[0m [32m INFO[0m Scanning egg for security issues
[2m2025-12-04T22:33:27.315350Z[0m [33m WARN[0m Complex startup command detected, wrapping in shell
✅ -> egg-generic-c.yaml
Converting generic/nodemon/egg-nodemon.json... [2m2025-12-04T22:33:27.316260Z[0m [32m INFO[0m Converting egg: nodemon
[2m2025-12-04T22:33:27.316290Z[0m [32m INFO[0m Scanning egg for security issues
[2m2025-12-04T22:33:27.316611Z[0m [33m WARN[0m Complex startup command detected, wrapping in shell
✅ -> egg-nodemon.yaml
Converting generic/rust/egg-rust-generic.json... [2m2025-12-04T22:33:27.317527Z[0m [32m INFO[0m Converting egg: rust generic
[2m2025-12-04T22:33:27.317552Z[0m [32m INFO[0m Scanning egg for security issues
[2m2025-12-04T22:33:27.317846Z[0m [33m WARN[0m Complex startup command detected, wrapping in shell
✅ -> egg-rust-generic.yaml
Converting generic/nodejs/egg-node-js-generic.json... [2m2025-12-04T22:33:27.318714Z[0m [32m INFO[0m Converting egg: node.js generic
[2m2025-12-04T22:33:27.318744Z[0m [32m INFO[0m Scanning egg for security issues
[2m2025-12-04T22:33:27.319057Z[0m [33m WARN[0m Complex startup command detected, wrapping in shell
✅ -> egg-node-js-generic.yaml
Converting generic/python/egg-python-generic.json... [2m2025-12-04T22:33:27.319961Z[0m [32m INFO[0m Converting egg: python generic
[2m2025-12-04T22:33:27.319987Z[0m [32m INFO[0m Scanning egg for security issues
[2m2025-12-04T22:33:27.320300Z[0m [33m WARN[0m Complex startup command detected, wrapping in shell
✅ -> egg-python-generic.yaml
Converting generic/java/egg-java.json... [2m2025-12-04T22:33:27.321110Z[0m [32m INFO[0m Converting egg: Generic Java
[2m2025-12-04T22:33:27.321128Z[0m [32m INFO[0m Scanning egg for security issues
✅ -> egg-java.yaml
Converting generic/dart/egg-dart-generic.json... [2m2025-12-04T22:33:27.322189Z[0m [32m INFO[0m Converting egg: dart generic
[2m2025-12-04T22:33:27.322219Z[0m [32m INFO[0m Scanning egg for security issues
[2m2025-12-04T22:33:27.322549Z[0m [33m WARN[0m Complex startup command detected, wrapping in shell
✅ -> egg-dart-generic.yaml
Converting generic/elixir/egg-elixir.json... [2m2025-12-04T22:33:27.323438Z[0m [32m INFO[0m Converting egg: Elixir
[2m2025-12-04T22:33:27.323464Z[0m [32m INFO[0m Scanning egg for security issues
[2m2025-12-04T22:33:27.323749Z[0m [33m WARN[0m Complex startup command detected, wrapping in shell
✅ -> egg-elixir.yaml
Converting generic/lua/luvit/egg-luvit-generic.json... [2m2025-12-04T22:33:27.324644Z[0m [32m INFO[0m Converting egg: luvit generic
[2m2025-12-04T22:33:27.324665Z[0m [32m INFO[0m Scanning egg for security issues
✅ -> egg-luvit-generic.yaml
Converting generic/deno/egg-deno-generic.json... [2m2025-12-04T22:33:27.325904Z[0m [32m INFO[0m Converting egg: Deno Generic
[2m2025-12-04T22:33:27.325926Z[0m [32m INFO[0m Scanning egg for security issues
✅ -> egg-deno-generic.yaml
Converting generic/golang/egg-golang-generic.json... [2m2025-12-04T22:33:27.327010Z[0m [32m INFO[0m Converting egg: golang generic
[2m2025-12-04T22:33:27.327028Z[0m [32m INFO[0m Scanning egg for security issues
❌ Config validation failed: golang generic

❌ Validation Errors:
  • Variable 'EXECUTABLE': required but has no default value and is not user editable

💡 Solution:
  Fix the above issues and re-run validation
Converting generic/bun/egg-bun.json... [2m2025-12-04T22:33:27.327928Z[0m [32m INFO[0m Converting egg: Bun
[2m2025-12-04T22:33:27.327956Z[0m [32m INFO[0m Scanning egg for security issues
[2m2025-12-04T22:33:27.328293Z[0m [33m WARN[0m Complex startup command detected, wrapping in shell
✅ -> egg-bun.yaml
Converting bots/discord/redbot/config.json... ❌ missing field `meta` at line 9 column 1
Converting bots/discord/redbot/egg-red.json... [2m2025-12-04T22:33:27.329431Z[0m [32m INFO[0m Converting egg: Red
[2m2025-12-04T22:33:27.329449Z[0m [32m INFO[0m Scanning egg for security issues
✅ -> egg-red.yaml
Converting bots/discord/pixelbot/egg-pixel-bot.json... [2m2025-12-04T22:33:27.330577Z[0m [32m INFO[0m Converting egg: pixel-bot
[2m2025-12-04T22:33:27.330608Z[0m [32m INFO[0m Scanning egg for security issues
✅ -> egg-pixel-bot.yaml
Converting bots/discord/jmusicbot/egg-j-music-bot.json... [2m2025-12-04T22:33:27.331814Z[0m [32m INFO[0m Converting egg: JMusicBot
[2m2025-12-04T22:33:27.331841Z[0m [32m INFO[0m Scanning egg for security issues
✅ -> egg-j-music-bot.yaml
Converting bots/discord/sinusbot/egg-sinusbot.json... [2m2025-12-04T22:33:27.333075Z[0m [32m INFO[0m Converting egg: Sinusbot
[2m2025-12-04T22:33:27.333092Z[0m [32m INFO[0m Scanning egg for security issues
✅ -> egg-sinusbot.yaml
Converting bots/discord/game-server-watcher/egg-game-server-watcher.json... [2m2025-12-04T22:33:27.334174Z[0m [32m INFO[0m Converting egg: Game Server Watcher
[2m2025-12-04T22:33:27.334205Z[0m [32m INFO[0m Scanning egg for security issues
✅ -> egg-game-server-watcher.yaml
Converting bots/discord/atlbot/egg-a-t-l-bot.json... [2m2025-12-04T22:33:27.335452Z[0m [32m INFO[0m Converting egg: ATLBot
[2m2025-12-04T22:33:27.335468Z[0m [32m INFO[0m Scanning egg for security issues
✅ -> egg-a-t-l-bot.yaml
Converting bots/discord/fragbot/egg-fragbot.json... [2m2025-12-04T22:33:27.336562Z[0m [32m INFO[0m Converting egg: fragbot
[2m2025-12-04T22:33:27.336585Z[0m [32m INFO[0m Scanning egg for security issues
✅ -> egg-fragbot.yaml
Converting bots/discord/ree6/egg-ree6.json... [2m2025-12-04T22:33:27.337827Z[0m [32m INFO[0m Converting egg: Ree6
[2m2025-12-04T22:33:27.337852Z[0m [32m INFO[0m Scanning egg for security issues
✅ -> egg-ree6.yaml
Converting bots/discord/parkertron/egg-parkertron.json... [2m2025-12-04T22:33:27.339242Z[0m [32m INFO[0m Converting egg: parkertron
[2m2025-12-04T22:33:27.339263Z[0m [32m INFO[0m Scanning egg for security issues
✅ -> egg-parkertron.yaml
Converting bots/discord/corpbot/settings_dict.json... ❌ missing field `meta` at line 4 column 1
Converting bots/discord/corpbot/egg-corp-bot.json... [2m2025-12-04T22:33:27.340507Z[0m [32m INFO[0m Converting egg: CorpBot
[2m2025-12-04T22:33:27.340524Z[0m [32m INFO[0m Scanning egg for security issues
✅ -> egg-corp-bot.yaml
Converting bots/discord/aoede/egg-aoede.json... [2m2025-12-04T22:33:27.341637Z[0m [32m INFO[0m Converting egg: Aoede
[2m2025-12-04T22:33:27.341667Z[0m [32m INFO[0m Scanning egg for security issues
✅ -> egg-aoede.yaml
Converting bots/discord/dynamica/egg-dynamica.json... [2m2025-12-04T22:33:27.342845Z[0m [32m INFO[0m Converting egg: Dynamica
[2m2025-12-04T22:33:27.342868Z[0m [32m INFO[0m Scanning egg for security issues
[2m2025-12-04T22:33:27.343211Z[0m [33m WARN[0m Complex startup command detected, wrapping in shell
✅ -> egg-dynamica.yaml
Converting bots/discord/muse/egg-muse.json... [2m2025-12-04T22:33:27.344096Z[0m [32m INFO[0m Converting egg: Muse
[2m2025-12-04T22:33:27.344123Z[0m [32m INFO[0m Scanning egg for security issues
✅ -> egg-muse.yaml
Converting bots/discord/bastion/egg-bastion.json... [2m2025-12-04T22:33:27.345288Z[0m [32m INFO[0m Converting egg: Bastion
[2m2025-12-04T22:33:27.345318Z[0m [32m INFO[0m Scanning egg for security issues
✅ -> egg-bastion.yaml
Converting bots/other/bigbrotherbot/egg-big-brother-bot.json... [2m2025-12-04T22:33:27.346620Z[0m [32m INFO[0m Converting egg: Big Brother Bot
[2m2025-12-04T22:33:27.346637Z[0m [32m INFO[0m Scanning egg for security issues
✅ -> egg-big-brother-bot.yaml
Converting bots/twitch/phantombot/egg-phantom-bot.json... [2m2025-12-04T22:33:27.347862Z[0m [32m INFO[0m Converting egg: PhantomBot
[2m2025-12-04T22:33:27.347891Z[0m [32m INFO[0m Scanning egg for security issues
✅ -> egg-phantom-bot.yaml
Converting bots/twitch/sogebot/egg-soge-bot.json... [2m2025-12-04T22:33:27.349615Z[0m [32m INFO[0m Converting egg: SogeBot
[2m2025-12-04T22:33:27.349641Z[0m [32m INFO[0m Scanning egg for security issues
✅ -> egg-soge-bot.yaml
Converting bots/teamspeak3/jts3servermod/egg-j-t-s3-server-mod.json... [2m2025-12-04T22:33:27.350851Z[0m [32m INFO[0m Converting egg: JTS3ServerMod
[2m2025-12-04T22:33:27.350869Z[0m [32m INFO[0m Scanning egg for security issues
✅ -> egg-j-t-s3-server-mod.yaml

📊 Summary:
   ✅ Success: 258
   ❌ Errors: 24
